{
  "schema_version": 1,
  "package": "web-runtime-efficiency",
  "uf": "UF-001",
  "branch": "no-duplicate-read",
  "status": "passed",
  "run_id": "wre-no-dup-2026-09-13T12:05:09.025Z",
  "source_revisions": {
    "plugin": "b30e51cbc9816ed8956bb19fe618f24af805c1a3",
    "engine": "7bde3a4b6ad87c9eba1b72ffd7cfe01987715add",
    "engine_root": "/private/tmp/genoffice-official-sync-engine"
  },
  "protocol": {
    "version": 1,
    "repeats": {
      "markdown": 3,
      "other": 2
    },
    "cold": "new browser page against a freshly started relay; first sample of that app/size",
    "warm": "same relay process; a later page for the same fixture",
    "sizes": {
      "small": "hand-built keep fixture or official generated sample",
      "medium": "markdown ~50KiB repeated paragraphs",
      "large": "markdown ~250KiB repeated paragraphs"
    }
  },
  "gaps": {
    "engineHead": "7bde3a4b6ad87c9eba1b72ffd7cfe01987715add",
    "pluginHead": "b30e51cbc9816ed8956bb19fe618f24af805c1a3",
    "node": "v22.23.2",
    "npm": "10.9.8",
    "platform": "darwin x64",
    "chromium": "/Users/nothing/Library/Caches/ms-playwright/chromium-1234/chrome-mac-x64/Google Chrome for Testing.app/Contents/MacOS/Google Chrome for Testing",
    "chromiumExists": true,
    "scripts": {
      "web": "npm run web:build -w @genoffice/shell && npm run web:build -w @genoffice/docs && npm run web:build -w @genoffice/markdown && node web/server.mjs",
      "webServe": "node web/server.mjs",
      "webBuild": "npm run web:build --workspaces --if-present",
      "open": "node web/open.mjs"
    },
    "healthReadyAnyLive": false,
    "hasDiscoveryRoute": true,
    "captureMtimeUsesFullFileGet": false,
    "hasSdk": true,
    "hasCli": true,
    "hasHeadlessManager": true,
    "pluginHasDshTools": true,
    "pluginHasMcp": false,
    "createControlToolsStatic": true,
    "htmlPresent": true
  },
  "fixtures": [
    {
      "app": "markdown",
      "size": "small",
      "path": "/Users/nothing/workspace/dsh/plugin/dsh-genoffice/plugin/docs/web-runtime-efficiency/evidence/phase-0/work-no-duplicate-read/md-small.md",
      "bytes": 23,
      "sha256": "024b825fceda1923face1f575cd2a72c620a1a32ba4f6c187504f96c65e8ac10"
    }
  ],
  "file_gets": [
    {
      "bytes": 220,
      "url": "http://127.0.0.1:18787/api/file?path=%2FUsers%2Fnothing%2Fworkspace%2Fdsh%2Fplugin%2Fdsh-genoffice%2Fplugin%2Fdocs%2Fweb-runtime-efficiency%2Fevidence%2Fphase-0%2Fwork-no-duplicate-read%2Fmd-small.md",
      "hasBase64": true,
      "base64Chars": 32
    }
  ],
  "recover_file_gets": [
    {
      "bytes": 269,
      "url": "http://127.0.0.1:18787/api/file?path=%2FUsers%2Fnothing%2Fworkspace%2Fdsh%2Fplugin%2Fdsh-genoffice%2Fplugin%2Fdocs%2Fweb-runtime-efficiency%2Fevidence%2Fphase-0%2Fwork-no-duplicate-read%2Fmd-small.md",
      "hasBase64": true,
      "base64Chars": 80
    }
  ],
  "requests": [
    {
      "method": "GET",
      "url": "http://127.0.0.1:18787/api/file?path=%2FUsers%2Fnothing%2Fworkspace%2Fdsh%2Fplugin%2Fdsh-genoffice%2Fplugin%2Fdocs%2Fweb-runtime-efficiency%2Fevidence%2Fphase-0%2Fwork-no-duplicate-read%2Fmd-small.md",
      "when": "open-edit-save"
    },
    {
      "method": "POST",
      "url": "http://127.0.0.1:18787/api/control/notify",
      "when": "open-edit-save"
    },
    {
      "method": "GET",
      "url": "http://127.0.0.1:18787/api/control/stream?docId=a4414a991be2cbcb05b90e926cf5534f8f10bdc031fbe5a6189d559e94334948&owner=587ca1f3-e839-4fbf-b5bd-2a9ee2d1a439",
      "when": "open-edit-save"
    },
    {
      "method": "POST",
      "url": "http://127.0.0.1:18787/api/control/notify",
      "when": "open-edit-save"
    },
    {
      "method": "POST",
      "url": "http://127.0.0.1:18787/api/control/notify",
      "when": "open-edit-save"
    },
    {
      "method": "POST",
      "url": "http://127.0.0.1:18787/api/control/notify",
      "when": "open-edit-save"
    },
    {
      "method": "POST",
      "url": "http://127.0.0.1:18787/api/control/notify",
      "when": "open-edit-save"
    },
    {
      "method": "POST",
      "url": "http://127.0.0.1:18787/api/control/notify",
      "when": "open-edit-save"
    },
    {
      "method": "POST",
      "url": "http://127.0.0.1:18787/api/control/notify",
      "when": "open-edit-save"
    }
  ],
  "opened": {
    "ok": true,
    "docId": "a4414a991be2cbcb05b90e926cf5534f8f10bdc031fbe5a6189d559e94334948",
    "path": "/Users/nothing/workspace/dsh/plugin/dsh-genoffice/plugin/docs/web-runtime-efficiency/evidence/phase-0/work-no-duplicate-read/md-small.md",
    "registered": true,
    "readiness": "ready",
    "revision": "024b825fceda1923face1f575cd2a72c620a1a32ba4f6c187504f96c65e8ac10",
    "error": null,
    "occupied": true,
    "owner": "587ca1f3-e839-4fbf-b5bd-2a9ee2d1a439",
    "status": 200,
    "_bytes": 424
  },
  "edited": {
    "ok": true,
    "execution": {
      "output": "ops[0] insertContent: Inserted 1 block(s).\nBlock indexes may have changed; call get_document_context before further index-based edits.",
      "mutated": true,
      "summary": "插入内容",
      "revision": "c8fce5ff2361751d9ed6e58039cf947b75d6be3929f2625ed04cfce5e82fd650"
    },
    "revision": "c8fce5ff2361751d9ed6e58039cf947b75d6be3929f2625ed04cfce5e82fd650",
    "status": 200,
    "_bytes": 368
  },
  "saved": {
    "ok": true,
    "path": "/Users/nothing/workspace/dsh/plugin/dsh-genoffice/plugin/docs/web-runtime-efficiency/evidence/phase-0/work-no-duplicate-read/md-small.md",
    "name": "md-small.md",
    "mtimeMs": 1789301108368.3442,
    "status": 200,
    "_bytes": 207
  },
  "conflicted": {
    "ok": false,
    "error": "conflict",
    "status": 200,
    "_bytes": 31
  },
  "reopened": {
    "ok": true,
    "docId": "a4414a991be2cbcb05b90e926cf5534f8f10bdc031fbe5a6189d559e94334948",
    "path": "/Users/nothing/workspace/dsh/plugin/dsh-genoffice/plugin/docs/web-runtime-efficiency/evidence/phase-0/work-no-duplicate-read/md-small.md",
    "registered": true,
    "readiness": "ready",
    "revision": "4f4b8f0aa8068de449e66892adf5d0cfa446a4dc5089644112cb6d9a450076fd",
    "error": null,
    "occupied": true,
    "owner": "737e47bf-2673-479a-bde5-cd539addb43b",
    "status": 200,
    "_bytes": 424
  },
  "recovered": {
    "ok": true,
    "path": "/Users/nothing/workspace/dsh/plugin/dsh-genoffice/plugin/docs/web-runtime-efficiency/evidence/phase-0/work-no-duplicate-read/md-small.md",
    "name": "md-small.md",
    "mtimeMs": 1789301109013.7405,
    "status": 200,
    "_bytes": 207
  },
  "cases": [
    {
      "id": "no-duplicate-read-and-external-conflict",
      "status": "passed",
      "assertions": [
        {
          "name": "capture-mtime-no-full-get",
          "status": "passed",
          "expected": false,
          "actual": false
        },
        {
          "name": "markdown-ready",
          "status": "passed",
          "expected": "ready",
          "actual": "ready"
        },
        {
          "name": "markdown-edit",
          "status": "passed",
          "expected": true,
          "actual": {
            "ok": true,
            "execution": {
              "output": "ops[0] insertContent: Inserted 1 block(s).\nBlock indexes may have changed; call get_document_context before further index-based edits.",
              "mutated": true,
              "summary": "插入内容",
              "revision": "c8fce5ff2361751d9ed6e58039cf947b75d6be3929f2625ed04cfce5e82fd650"
            },
            "revision": "c8fce5ff2361751d9ed6e58039cf947b75d6be3929f2625ed04cfce5e82fd650",
            "status": 200,
            "_bytes": 368
          }
        },
        {
          "name": "first-save-ok",
          "status": "passed",
          "expected": true,
          "actual": {
            "ok": true,
            "path": "/Users/nothing/workspace/dsh/plugin/dsh-genoffice/plugin/docs/web-runtime-efficiency/evidence/phase-0/work-no-duplicate-read/md-small.md",
            "name": "md-small.md",
            "mtimeMs": 1789301108368.3442,
            "status": 200,
            "_bytes": 207
          }
        },
        {
          "name": "single-full-file-get",
          "status": "passed",
          "expected": 1,
          "actual": {
            "count": 1,
            "extra": 0,
            "gets": [
              {
                "bytes": 220,
                "url": "http://127.0.0.1:18787/api/file?path=%2FUsers%2Fnothing%2Fworkspace%2Fdsh%2Fplugin%2Fdsh-genoffice%2Fplugin%2Fdocs%2Fweb-runtime-efficiency%2Fevidence%2Fphase-0%2Fwork-no-duplicate-read%2Fmd-small.md",
                "hasBase64": true,
                "base64Chars": 32
              }
            ]
          }
        },
        {
          "name": "no-duplicate-full-get",
          "status": "passed",
          "expected": 0,
          "actual": 0
        },
        {
          "name": "external-change-conflicts",
          "status": "passed",
          "expected": "conflict",
          "actual": {
            "ok": false,
            "error": "conflict",
            "raw": {
              "ok": false,
              "error": "conflict",
              "status": 200,
              "_bytes": 31
            }
          }
        },
        {
          "name": "reopen-ready",
          "status": "passed",
          "expected": "ready",
          "actual": "ready"
        },
        {
          "name": "reopen-single-full-get",
          "status": "passed",
          "expected": 1,
          "actual": [
            {
              "bytes": 269,
              "url": "http://127.0.0.1:18787/api/file?path=%2FUsers%2Fnothing%2Fworkspace%2Fdsh%2Fplugin%2Fdsh-genoffice%2Fplugin%2Fdocs%2Fweb-runtime-efficiency%2Fevidence%2Fphase-0%2Fwork-no-duplicate-read%2Fmd-small.md",
              "hasBase64": true,
              "base64Chars": 80
            }
          ]
        },
        {
          "name": "recover-save-ok",
          "status": "passed",
          "expected": true,
          "actual": {
            "ok": true,
            "path": "/Users/nothing/workspace/dsh/plugin/dsh-genoffice/plugin/docs/web-runtime-efficiency/evidence/phase-0/work-no-duplicate-read/md-small.md",
            "name": "md-small.md",
            "mtimeMs": 1789301109013.7405,
            "status": 200,
            "_bytes": 207
          }
        },
        {
          "name": "recover-keeps-external-marker",
          "status": "passed",
          "expected": true,
          "actual": "# WreKeep\n\nkeep phrase\n\nWreNoDupKeep\n\nexternal-change-keep\n"
        }
      ]
    }
  ]
}
