case=markdown-loading
ok=true
focus=ready-edit-allowed
[
  {
    "name": "loading-edit-blocked",
    "status": "passed",
    "expected": "not-ready",
    "actual": {
      "ok": false,
      "error": "not-ready",
      "readiness": "loading"
    }
  },
  {
    "name": "ready-edit-allowed",
    "status": "passed",
    "expected": "mutated",
    "actual": {
      "ok": true,
      "execution": {
        "output": "ops[0] insertContent: Inserted 1 block(s).\nBlock indexes may have changed; call get_document_context before further index-based edits.",
        "mutated": true,
        "summary": "插入内容",
        "revision": "560314cce34f255d90673339780f09780dd809662506baf26b8cbe53bc9b65e4"
      },
      "revision": "560314cce34f255d90673339780f09780dd809662506baf26b8cbe53bc9b65e4"
    }
  },
  {
    "name": "load-fail-preserves-bytes",
    "status": "passed",
    "expected": "original bytes + no save",
    "actual": {
      "failTool": {
        "ok": false,
        "error": "not-ready",
        "readiness": "error",
        "loadError": "Failed to fetch"
      },
      "failSave": {
        "ok": false,
        "error": "not-ready",
        "readiness": "error",
        "loadError": "Failed to fetch"
      },
      "failDisk": "# ORIGINAL_BYTES\n"
    }
  }
]