case=revision
ok=true
focus=stale-rejected
[
  {
    "name": "context-has-revision",
    "status": "passed",
    "expected": "revision",
    "actual": {
      "ok": true,
      "context": "## Document state\n2 top-level blocks:\n\n0 | h1 | R\n1 | paragraph | body",
      "revision": "2278ccb8e0aac77bdc5be14d402526ee4f59b1a37df0a02c38ce434973c1bd49"
    }
  },
  {
    "name": "stale-rejected",
    "status": "passed",
    "expected": "conflict + no STALE",
    "actual": {
      "stale": {
        "ok": false,
        "error": "conflict",
        "revision": "ad1590de81c32644e12cd8f9c678dc81a7d4994c9b72a2b81dbb0a6bcc788c14"
      },
      "mid": "B_INSERT\n\nR\n\nbody"
    }
  },
  {
    "name": "reread-succeeds",
    "status": "passed",
    "expected": "ok",
    "actual": {
      "ok": true,
      "execution": {
        "output": "ops[0] insertContent: Inserted 1 block(s).\nBlock indexes may have changed; call get_document_context before further index-based edits.",
        "mutated": true,
        "summary": "插入内容",
        "revision": "641e01a9f86618289bd903b4bf5076b9cd2488d407ef268704c22d26b348821e"
      },
      "revision": "641e01a9f86618289bd903b4bf5076b9cd2488d407ef268704c22d26b348821e"
    }
  }
]