CALL pdf_read_pages {"path": "/Users/nothing/Downloads/genoffice-e2e/demo.pdf", "start": 1}
RESULT [{'type': 'text', 'text': '[Page 1]\nDemo PDF Page One\nThis is a body paragraph containing the word wrong to fix later.\nSecond line for markup testing.\nReven
TEXT 第 1 页包含 "wrong"。依次执行高亮和文本替换：
CALL pdf_markup_text {"path": "/Users/nothing/Downloads/genoffice-e2e/demo.pdf", "page": 1, "text": "wrong", "type": "highlight"}
CALL pdf_edit_text {"path": "/Users/nothing/Downloads/genoffice-e2e/demo.pdf", "page": 1, "old_text": "wrong", "new_text": "right"}
RESULT [{'type': 'text', 'text': 'Marked 1 occurrence(s) on page 1 (unsaved; the user saves with ⌘S)'}]
RESULT [{'type': 'text', 'text': 'Replaced occurrence 1 of "wrong" on page 1 (unsaved; the user saves with ⌘S).'}]
TEXT 高亮和替换均成功，现在保存到原文件：
CALL pdf_save {"path": "/Users/nothing/Downloads/genoffice-e2e/demo.pdf"}
RESULT [{'type': 'text', 'text': '已保存到 /Users/nothing/Downloads/genoffice-e2e/demo.pdf'}]
TEXT 验证保存结果：
CALL pdf_read_pages {"path": "/Users/nothing/Downloads/genoffice-e2e/demo.pdf", "start": 1}
RESULT [{'type': 'text', 'text': '[Page 1]\nDemo PDF Page One\nThis is a body paragraph containing the word wrong to fix later.\nSecond line for markup testing.\nReven
TEXT 文本读取仍显示 "wrong"，需确认是读取缓存还是替换未生效。用搜索验证：
CALL pdf_search_text {"path": "/Users/nothing/Downloads/genoffice-e2e/demo.pdf", "query": "right"}
CALL pdf_search_text {"path": "/Users/nothing/Downloads/genoffice-e2e/demo.pdf", "query": "wrong"}
RESULT [{'type': 'text', 'text': 'No matches found'}]
RESULT [{'type': 'text', 'text': 'Page 1: …is a body paragraph containing the word wrong to fix later. Second line for markup te…'}]
TEXT 搜索仍显示 "wrong" 且无 "right"，说明替换可能未持久化。重新读取并尝试刷新状态：
CALL pdf_goto_page {"path": "/Users/nothing/Downloads/genoffice-e2e/demo.pdf", "page": 1}
RESULT [{'type': 'text', 'text': 'Jumped to page 1'}]
CALL pdf_read_pages {"path": "/Users/nothing/Downloads/genoffice-e2e/demo.pdf", "start": 1}
RESULT [{'type': 'text', 'text': '[Page 1]\nDemo PDF Page One\nThis is a body paragraph containing the word wrong to fix later.\nSecond line for markup testing.\nReven
TEXT 仍然显示 "wrong"。重新执行一次替换（这次串行执行），然后保存并验证：
CALL pdf_edit_text {"new_text": "right", "old_text": "wrong", "page": 1, "path": "/Users/nothing/Downloads/genoffice-e2e/demo.pdf"}
RESULT [{'type': 'text', 'text': 'Error: The edit could not be applied: the edited text could not be located on the page'}]
TEXT 第二次编辑报「wrong 无法定位」——说明 iframe 内部状态里该词已被替换为 "right"，首次替换实际生效了。但读取/搜索仍显示 "wrong"，疑似磁盘文件未更新。再次保存并验证：
CALL pdf_save {"path": "/Users/nothing/Downloads/genoffice-e2e/demo.pdf"}
RESULT [{'type': 'text', 'text': 'Error: 文件已被外部修改（mtime 冲突），未覆盖原文件。请重新打开文档（丢弃当前未保存编辑）后再保存。'}]
TEXT 保存被拒绝：文件 mtime 与 iframe 记录不一致（疑似文件被外部进程修改过），保护机制拒绝覆盖。重试一次保存确认：
CALL pdf_save {"path": "/Users/nothing/Downloads/genoffice-e2e/demo.pdf"}
RESULT [{'type': 'text', 'text': 'Error: 文件已被外部修改（mtime 冲突），未覆盖原文件。请重新打开文档（丢弃当前未保存编辑）后再保存。'}]
TEXT 连续两次保存都被 mtime 冲突拒绝。先核实当前磁盘/iframe 状态，再判断处理方式：
CALL pdf_search_text {"path": "/Users/nothing/Downloads/genoffice-e2e/demo.pdf", "query": "right"}
CALL pdf_search_text {"path": "/Users/nothing/Downloads/genoffice-e2e/demo.pdf", "query": "wrong"}
RESULT [{'type': 'text', 'text': 'No matches found'}]
RESULT [{'type': 'text', 'text': 'Page 1: …is a body paragraph containing the word wrong to fix later. Second line for markup te…'}]
TEXT 读取/搜索与编辑工具显示的状态互相矛盾，且保存被 mtime 保护机制拦截。我需要做一次**只读**诊断（不修改文件，仅检查磁盘上文件的实际内容与 mtime），以确认首次保存是否真的写盘成功：
CALL bash {"command": "stat -f \"mtime=%m (%Sm)\" /Users/nothing/Downloads/genoffice-e2e/demo.pdf; echo \"---\"; ls -la /Users/nothing/Downloads/genoffice-e2e/"
RESULT [{'type': 'text', 'text': 'mtime=1786546680 (Aug 12 22:58:00 2026)\n---\ntotal 32\ndrwxr-xr-x@   5 nothing  staff   160 Aug 12 22:58 .\ndrwx------+ 230 nothing 
TEXT 文件 mtime 为 22:58（晚于 pptx 的 22:55，疑似我首次保存写入）。现在只读提取 PDF 文本内容确认磁盘上到底是 "wrong" 还是 "right"：
CALL bash {"command": "command -v pdftotext && pdftotext /Users/nothing/Downloads/genoffice-e2e/demo.pdf - | grep -n -i -E \"wrong|right\" || echo \"pdftotext n
RESULT [{'type': 'text', 'text': '/opt/homebrew/bin/pdftotext\n2:This is a body paragraph containing the word right to fix later.\n'}]
TEXT 磁盘文件经 pdftotext 只读验证：**"wrong" 已被替换为 "right"** —— 首次 pdf_save 实际已成功写盘！之前 pdf_search_text / pdf_read_pages 显示的是
CALL bash {"command": "strings /Users/nothing/Downloads/genoffice-e2e/demo.pdf | grep -i -E \"annot|highlight|subtype\" | head -20; echo \"---\"; python3 -c \"\
RESULT [{'type': 'text', 'text': '/Annots [ 14 0 R ]\n/Subtype /Type1\n/Annots [ ]\n/Subtype /Form\n/Type /Annot\n/Subtype /Highlight\n---\nAnnots count: 2\nHighlight 
TEXT ✅ 任务已完成并验证通过。整个流程与结果如下：

**执行步骤（仅 pdf_* 工具）**
1. **pdf_read_pages** 读取第 1 页，确认正文含 "wrong"。
2. **pdf_markup_tex
