
> @genoffice/sheets@0.1.0 web:build
> vite build --config vite.web.config.ts

vite v7.3.6 building client environment for production...
transforming...
✓ 3531 modules transformed.
rendering chunks...
computing gzip size...
../../web-dist/index.html                                       0.71 kB │ gzip:     0.39 kB
../../web-dist/assets/send-enter-off-B0IfWMyy.png               4.25 kB
../../web-dist/assets/index-Ixahrsri.css                      153.70 kB │ gzip:    26.20 kB
../../web-dist/assets/zh-CN-H0bAoPN1.js                         0.23 kB │ gzip:     0.22 kB
../../web-dist/assets/it-IT-DPrSwOZo.js                         0.23 kB │ gzip:     0.19 kB
../../web-dist/assets/zh-TW-B73RgCqU.js                         0.23 kB │ gzip:     0.22 kB
../../web-dist/assets/pt-BR-Cj-ZFlD4.js                         0.23 kB │ gzip:     0.19 kB
../../web-dist/assets/es-ES-CghHNizR.js                         0.23 kB │ gzip:     0.20 kB
../../web-dist/assets/pl-PL-aV81SVwW.js                         0.23 kB │ gzip:     0.20 kB
../../web-dist/assets/ko-KR-DRW5CU8t.js                         0.24 kB │ gzip:     0.23 kB
../../web-dist/assets/fr-FR-CNmdewrl.js                         0.24 kB │ gzip:     0.21 kB
../../web-dist/assets/de-DE-HXttcjt5.js                         0.24 kB │ gzip:     0.21 kB
../../web-dist/assets/id-ID-DRRvxm4g.js                         0.24 kB │ gzip:     0.20 kB
../../web-dist/assets/ja-JP-CsH-uBrQ.js                         0.26 kB │ gzip:     0.23 kB
../../web-dist/assets/ar-SA-Cya3zVPQ.js                         0.27 kB │ gzip:     0.23 kB
../../web-dist/assets/ru-RU-CknAJCY0.js                         0.33 kB │ gzip:     0.26 kB
../../web-dist/assets/pa-C54UG8eN-EW_8hrTF.js                   0.53 kB │ gzip:     0.23 kB
../../web-dist/assets/or-50rxpoq4-B_XNinj_.js                   0.57 kB │ gzip:     0.24 kB
../../web-dist/assets/gu-Bjl0l-cf-Bb_OSiMJ.js                   0.58 kB │ gzip:     0.24 kB
../../web-dist/assets/hi-DsAaTPCC-lc1bUHMk.js                   0.61 kB │ gzip:     0.25 kB
../../web-dist/assets/mr-CjWJPVmH-BKMRnoAc.js                   0.61 kB │ gzip:     0.25 kB
../../web-dist/assets/as-BPtSu6VN-CYxxmKqh.js                   0.63 kB │ gzip:     0.26 kB
../../web-dist/assets/bn-NCLZcWHi-CsgykzQM.js                   0.63 kB │ gzip:     0.26 kB
../../web-dist/assets/te-B5Spl2Jk-DYnT8Dmf.js                   0.63 kB │ gzip:     0.25 kB
../../web-dist/assets/kn-C6Lov-DP-D7dHjlY1.js                   0.63 kB │ gzip:     0.26 kB
../../web-dist/assets/ta-BcghgTbD-D3SGVeDl.js                   0.71 kB │ gzip:     0.25 kB
../../web-dist/assets/ml-2xLVYkVY-CBhOFsDv.js                   0.81 kB │ gzip:     0.30 kB
../../web-dist/assets/pi-B9cgjyG1-v-IB86gp.js                   0.86 kB │ gzip:     0.35 kB
../../web-dist/assets/zh-CN-C44CLSHY.js                         0.95 kB │ gzip:     0.57 kB
../../web-dist/assets/zh-TW-o1aLnU5A.js                         0.95 kB │ gzip:     0.57 kB
../../web-dist/assets/ko-KR-cnURKw8p.js                         1.07 kB │ gzip:     0.58 kB
../../web-dist/assets/id-ID-B2D9_4Nv.js                         1.07 kB │ gzip:     0.49 kB
../../web-dist/assets/pl-PL-BpllZmpq.js                         1.09 kB │ gzip:     0.54 kB
../../web-dist/assets/it-IT-BEXsRjkd.js                         1.12 kB │ gzip:     0.51 kB
../../web-dist/assets/es-ES-DGrpnXOr.js                         1.14 kB │ gzip:     0.52 kB
../../web-dist/assets/de-DE-fwQjRmS_.js                         1.14 kB │ gzip:     0.52 kB
../../web-dist/assets/pt-BR-BD-9KwOz.js                         1.14 kB │ gzip:     0.51 kB
../../web-dist/assets/fr-FR-B5T-mF8N.js                         1.16 kB │ gzip:     0.53 kB
../../web-dist/assets/zh-CN-4ttDhPlg.js                         1.22 kB │ gzip:     0.72 kB
../../web-dist/assets/ja-JP-D3FeQUZ8.js                         1.22 kB │ gzip:     0.63 kB
../../web-dist/assets/ar-SA-D9gCOx5X.js                         1.23 kB │ gzip:     0.57 kB
../../web-dist/assets/id-ID-CdO1fDTD.js                         1.25 kB │ gzip:     0.66 kB
../../web-dist/assets/zh-TW-CrVccl6Y.js                         1.26 kB │ gzip:     0.77 kB
../../web-dist/assets/zh-latn-pinyin-BdYb-Ey_-BpSBSv6m.js       1.28 kB │ gzip:     0.22 kB
../../web-dist/assets/de-DE-BAsH6GA3.js                         1.32 kB │ gzip:     0.68 kB
../../web-dist/assets/ko-KR-DHUpJ0Lu.js                         1.41 kB │ gzip:     0.79 kB
../../web-dist/assets/it-IT-CETJJIlo.js                         1.41 kB │ gzip:     0.68 kB
../../web-dist/assets/pl-PL-rSAH2KTE.js                         1.43 kB │ gzip:     0.75 kB
../../web-dist/assets/es-ES-CWsteZy9.js                         1.46 kB │ gzip:     0.70 kB
../../web-dist/assets/ja-JP-TYOZ_ytw.js                         1.46 kB │ gzip:     0.84 kB
../../web-dist/assets/pt-BR-DI1tafKk.js                         1.50 kB │ gzip:     0.73 kB
../../web-dist/assets/eu-Ctv_kq9Z-DMhU9kwg.js                   1.52 kB │ gzip:     0.22 kB
../../web-dist/assets/fr-FR-Daqp3Ljv.js                         1.56 kB │ gzip:     0.72 kB
../../web-dist/assets/ar-SA-CNcrK8AO.js                         1.69 kB │ gzip:     0.78 kB
../../web-dist/assets/ru-RU-CKMaq3jU.js                         1.81 kB │ gzip:     0.68 kB
../../web-dist/assets/ru-RU-DIR1_CPg.js                         1.88 kB │ gzip:     0.87 kB
../../web-dist/assets/zh-TW-C_14Ysx8.js                         1.92 kB │ gzip:     1.05 kB
../../web-dist/assets/zh-CN-BFwspmt_.js                         1.92 kB │ gzip:     1.05 kB
../../web-dist/assets/it-IT-Y-SpRHyj.js                         2.26 kB │ gzip:     1.01 kB
../../web-dist/assets/ko-KR-D2dgc1JZ.js                         2.27 kB │ gzip:     1.11 kB
../../web-dist/assets/de-DE-BermvcFb.js                         2.27 kB │ gzip:     1.05 kB
../../web-dist/assets/pt-Cum2_NUC-D8aZaPM_.js                   2.29 kB │ gzip:     0.31 kB
../../web-dist/assets/es-ES-CZIzT3KS.js                         2.29 kB │ gzip:     1.02 kB
../../web-dist/assets/pt-BR-DNGlHTaV.js                         2.29 kB │ gzip:     1.05 kB
../../web-dist/assets/id-ID-C_j260m_.js                         2.31 kB │ gzip:     0.99 kB
../../web-dist/assets/pl-PL-D5-s15GQ.js                         2.36 kB │ gzip:     1.13 kB
../../web-dist/assets/fr-FR-B2SbcDXW.js                         2.38 kB │ gzip:     1.06 kB
../../web-dist/assets/ja-JP-BDfWZUCU.js                         2.40 kB │ gzip:     1.17 kB
../../web-dist/assets/id-DifDyWg9-1QUBE4o0.js                   2.52 kB │ gzip:     0.64 kB
../../web-dist/assets/oc-P_i3-xLA-Cg0Gj-PC.js                   2.56 kB │ gzip:     0.68 kB
../../web-dist/assets/ar-SA-Dcch-QEP.js                         2.67 kB │ gzip:     1.15 kB
../../web-dist/assets/kmr-Cfwhwuff-DNWs8Gbk.js                  2.73 kB │ gzip:     0.80 kB
../../web-dist/assets/zh-CN-O5lB6wwB.js                         2.77 kB │ gzip:     1.53 kB
../../web-dist/assets/zh-TW-D3wYA0L6.js                         2.77 kB │ gzip:     1.53 kB
../../web-dist/assets/zh-TW-CMxbY0OT.js                         2.93 kB │ gzip:     1.42 kB
../../web-dist/assets/zh-CN-DbJoy1L0.js                         2.93 kB │ gzip:     1.41 kB
../../web-dist/assets/id-ID-DKDmr6kP.js                         2.97 kB │ gzip:     1.40 kB
../../web-dist/assets/ru-RU-C7vKFiEZ.js                         3.14 kB │ gzip:     1.26 kB
../../web-dist/assets/fi-RW5VB8Yp-C_52fTOR.js                   3.19 kB │ gzip:     0.78 kB
../../web-dist/assets/la-DuvHjUWw-BcBNkSEh.js                   3.19 kB │ gzip:     0.63 kB
../../web-dist/assets/it-IT-CtKJBYYt.js                         3.23 kB │ gzip:     1.46 kB
../../web-dist/assets/es-ES-aaykSjRo.js                         3.24 kB │ gzip:     1.47 kB
../../web-dist/assets/de-DE-Cl330gP_.js                         3.24 kB │ gzip:     1.50 kB
../../web-dist/assets/pl-PL-BMXAeTqz.js                         3.25 kB │ gzip:     1.57 kB
../../web-dist/assets/pt-BR-BnBtGoIb.js                         3.28 kB │ gzip:     1.50 kB
../../web-dist/assets/ko-KR-CUueU5uu.js                         3.28 kB │ gzip:     1.51 kB
../../web-dist/assets/ko-KR-DH54oZD-.js                         3.28 kB │ gzip:     1.68 kB
../../web-dist/assets/ja-JP-DLZ5huFI.js                         3.33 kB │ gzip:     1.56 kB
../../web-dist/assets/pms-BRGfm5gS-DtZRgBhp.js                  3.38 kB │ gzip:     0.91 kB
../../web-dist/assets/fr-FR-CRzWWtfR.js                         3.39 kB │ gzip:     1.52 kB
../../web-dist/assets/ja-JP-7_dgKJ_7.js                         3.42 kB │ gzip:     1.76 kB
../../web-dist/assets/id-ID-DrVkIwQ5.js                         3.43 kB │ gzip:     1.33 kB
../../web-dist/assets/pt-BR-CSwwu4ao.js                         3.46 kB │ gzip:     1.43 kB
../../web-dist/assets/pl-PL-DDSQb_tN.js                         3.48 kB │ gzip:     1.48 kB
../../web-dist/assets/it-IT-C1v0DXAx.js                         3.49 kB │ gzip:     1.40 kB
../../web-dist/assets/es-ES-Dco2lRjo.js                         3.50 kB │ gzip:     1.40 kB
../../web-dist/assets/zh-TW-CaveRBwU.js                         3.51 kB │ gzip:     1.62 kB
../../web-dist/assets/zh-CN-DXbDGSge.js                         3.51 kB │ gzip:     1.61 kB
../../web-dist/assets/de-DE-D0mAgZTT.js                         3.56 kB │ gzip:     1.45 kB
../../web-dist/assets/it-Bt_Meacx-BwawXXgW.js                   3.63 kB │ gzip:     0.88 kB
../../web-dist/assets/fr-FR-WUs41biQ.js                         3.66 kB │ gzip:     1.45 kB
../../web-dist/assets/rm-C0MIK9N4-DeBfDBrx.js                   3.67 kB │ gzip:     0.95 kB
../../web-dist/assets/mul-ethi-D_CMSMEq-2TGBnG-Z.js             3.69 kB │ gzip:     0.92 kB
../../web-dist/assets/ko-KR-RvPlJbKB.js                         3.75 kB │ gzip:     1.62 kB
../../web-dist/assets/ar-SA-BJwtUQzw.js                         3.77 kB │ gzip:     1.63 kB
../../web-dist/assets/fur-AC12wySk-Ulg0Fy5V.js                  3.90 kB │ gzip:     1.02 kB
../../web-dist/assets/tr-CIHIuzqc-ZkOY1dVp.js                   3.97 kB │ gzip:     0.34 kB
../../web-dist/assets/de-DE-BJoRUyzh.js                         4.02 kB │ gzip:     1.51 kB
../../web-dist/assets/id-ID-7H_j6Urw.js                         4.04 kB │ gzip:     1.44 kB
../../web-dist/assets/es-ES-DkMkk0zc.js                         4.06 kB │ gzip:     1.49 kB
../../web-dist/assets/pt-BR-S-diBgmr.js                         4.08 kB │ gzip:     1.53 kB
../../web-dist/assets/it-IT-CtuGA2Zk.js                         4.08 kB │ gzip:     1.46 kB
../../web-dist/assets/ja-JP-CzNvT-rg.js                         4.10 kB │ gzip:     1.74 kB
../../web-dist/assets/pl-PL-CAjzU0vl.js                         4.13 kB │ gzip:     1.62 kB
../../web-dist/assets/ar-SA-vHLceeHR.js                         4.22 kB │ gzip:     1.56 kB
../../web-dist/assets/fr-FR-CN5XQSRa.js                         4.32 kB │ gzip:     1.58 kB
../../web-dist/assets/mn-cyrl-x-lmc-3aetruI8-mEBV16An.js        4.83 kB │ gzip:     1.21 kB
../../web-dist/assets/ru-RU-BY9K6CO6.js                         4.85 kB │ gzip:     1.85 kB
../../web-dist/assets/el-monoton-D3aKqTz2-DpMW17GV.js           4.87 kB │ gzip:     0.89 kB
../../web-dist/assets/ru-RU-lZXcHxBa.js                         4.97 kB │ gzip:     1.77 kB
../../web-dist/assets/ar-SA-BZclB2K1.js                         5.00 kB │ gzip:     1.72 kB
../../web-dist/assets/ru-RU-Du87KUvi.js                         5.70 kB │ gzip:     1.92 kB
../../web-dist/assets/ia-Cr4TJH0c-BcFKNbxH.js                   6.49 kB │ gzip:     1.83 kB
../../web-dist/assets/cop-C3sk0IUo-Cj8cOj0I.js                  6.89 kB │ gzip:     0.71 kB
../../web-dist/assets/ro-0fmdH0HA-1lLksn9e.js                   7.27 kB │ gzip:     2.14 kB
../../web-dist/assets/ca-SUf6Y2Om-Dp4lcbPL.js                   7.86 kB │ gzip:     1.13 kB
../../web-dist/assets/la-x-classic-yTyAOQEt-DuDJBVty.js         8.93 kB │ gzip:     2.31 kB
../../web-dist/assets/sa-CKY9c_Vq-DzgpFnfw.js                   9.71 kB │ gzip:     1.66 kB
../../web-dist/assets/zh-TW-vIc9L7RC.js                        10.78 kB │ gzip:     1.83 kB
../../web-dist/assets/zh-CN-DEieJF9n.js                        11.02 kB │ gzip:     1.83 kB
../../web-dist/assets/hr-DT1SBBes-CkK3TemH.js                  11.36 kB │ gzip:     0.95 kB
../../web-dist/assets/hy-e995ysyO-Cf-NYmW5.js                  11.93 kB │ gzip:     0.31 kB
../../web-dist/assets/id-ID-ZRm5bk7W.js                        12.11 kB │ gzip:     1.88 kB
../../web-dist/assets/mn-cyrl-lHM4n0oC-QhYuXAWB.js             12.15 kB │ gzip:     2.15 kB
../../web-dist/assets/it-IT-BtJRyNBX.js                        12.54 kB │ gzip:     1.86 kB
../../web-dist/assets/sl-DpiklF-D-_46w5B9b.js                  12.60 kB │ gzip:     3.40 kB
../../web-dist/assets/es-ES-BCl0CI3A.js                        12.63 kB │ gzip:     1.79 kB
../../web-dist/assets/pt-BR-CYomFWnh.js                        12.67 kB │ gzip:     1.87 kB
../../web-dist/assets/da-CCDXfXtG-C3O8h2wc.js                  12.72 kB │ gzip:     3.45 kB
../../web-dist/assets/pl-PL-CdfjmZdz.js                        12.85 kB │ gzip:     1.93 kB
../../web-dist/assets/ko-KR-s_OuQF-d.js                        12.88 kB │ gzip:     1.95 kB
../../web-dist/assets/de-DE-D4W3ruhe.js                        13.19 kB │ gzip:     1.99 kB
../../web-dist/assets/fr-FR-C87FDrzt.js                        13.28 kB │ gzip:     1.82 kB
../../web-dist/assets/hsb-DC_ITc1e-C4pa9vvS.js                 14.01 kB │ gzip:     1.94 kB
../../web-dist/assets/ja-JP-RnVrApt9.js                        14.76 kB │ gzip:     2.03 kB
../../web-dist/assets/lt-BBe8DlDF-CObMPDIF.js                  14.77 kB │ gzip:     3.60 kB
../../web-dist/assets/ar-SA-UFsIY-xZ.js                        15.22 kB │ gzip:     2.03 kB
../../web-dist/assets/tk-BMbKB10q-cqtw6prh.js                  16.96 kB │ gzip:     0.99 kB
../../web-dist/assets/el-polyton-ogVWcTzh-BOWLBXgh.js          17.63 kB │ gzip:     2.87 kB
../../web-dist/assets/ru-RU-5PinCbhE.js                        18.00 kB │ gzip:     2.15 kB
../../web-dist/assets/la-x-liturgic-CXeQb4FY-DNU_Uk5t.js       22.82 kB │ gzip:     5.72 kB
../../web-dist/assets/fr-BC2onEz9-BGmqATrI.js                  24.14 kB │ gzip:     4.29 kB
../../web-dist/assets/ka-jyoLzyDE-CZftRBZr.js                  26.19 kB │ gzip:     4.51 kB
../../web-dist/assets/be-CrQ0smca-B2EeXxUh.js                  27.83 kB │ gzip:     2.23 kB
../../web-dist/assets/sh-latn-sRy4Tuaj-DcyoDtEt.js             29.78 kB │ gzip:     5.29 kB
../../web-dist/assets/sr-cyrl-Dpzrbd0W-DKfS_grW.js             31.60 kB │ gzip:     5.56 kB
../../web-dist/assets/sk-_iOeDNrQ-BXQc18Za.js                  31.69 kB │ gzip:     6.79 kB
../../web-dist/assets/sh-cyrl-BpCRFOmq-Cv4-R-p6.js             32.50 kB │ gzip:     5.45 kB
../../web-dist/assets/gl-DZGc-K_G-DLl5jmsP.js                  33.64 kB │ gzip:     4.26 kB
../../web-dist/assets/cs-CmAteokq-TjIVgNl6.js                  39.76 kB │ gzip:     9.95 kB
../../web-dist/assets/es-DcaaHPU_-sYKznHcq.js                  44.13 kB │ gzip:     6.27 kB
../../web-dist/assets/pl-9fg-ESVt-DpPW5ISU.js                  46.09 kB │ gzip:     7.70 kB
../../web-dist/assets/et-B_spaleu-BaO20FM2.js                  47.21 kB │ gzip:    11.42 kB
../../web-dist/assets/is-BT8UVRze-BXloJ18M.js                  48.41 kB │ gzip:    12.72 kB
../../web-dist/assets/sv-CFm5y56M-I8ncZ9Nb.js                  56.81 kB │ gzip:    14.42 kB
../../web-dist/assets/bg-CrQqGwni-Pt9yPLke.js                  56.93 kB │ gzip:     4.83 kB
../../web-dist/assets/uk-Dir3oxLs-BVEQM3Jf.js                  63.99 kB │ gzip:     8.64 kB
../../web-dist/assets/th-DWX5iPSo-BI_G36o8.js                  68.62 kB │ gzip:    13.26 kB
../../web-dist/assets/grc-DOlGgO8T-C7K_Bcib.js                 71.61 kB │ gzip:     8.92 kB
../../web-dist/assets/cy-BBPa6z2x-BONU7bVJ.js                  80.20 kB │ gzip:    19.05 kB
../../web-dist/assets/ga-Cn6LkudM-WsF4_z3Y.js                  82.15 kB │ gzip:    20.04 kB
../../web-dist/assets/ru-v4l-ayaq-BZkHNr9F.js                  85.31 kB │ gzip:    16.94 kB
../../web-dist/assets/en-gb-B7Al27b_-BFFr9zKP.js              105.38 kB │ gzip:    26.11 kB
../../web-dist/assets/lv-Q2BBHnzp-DRPSUjhQ.js                 112.68 kB │ gzip:    16.09 kB
../../web-dist/assets/nl-BHQJ6Gvn-BMWl-SdQ.js                 138.51 kB │ gzip:    36.10 kB
../../web-dist/assets/cu-CBUlrW6Y-BrxB2kb-.js                 168.80 kB │ gzip:    26.17 kB
../../web-dist/assets/af-DK_CjRn6-C81U6qP1.js                 179.89 kB │ gzip:    38.97 kB
../../web-dist/assets/de-ch-1901-hVThVHVb-CC5Yf8hX.js         264.34 kB │ gzip:    70.50 kB
../../web-dist/assets/de-1996-BL6awyxG-BSuIomZy.js            266.94 kB │ gzip:    71.07 kB
../../web-dist/assets/de-1901-CWoAOigE-yOXirf_M.js            270.04 kB │ gzip:    71.86 kB
../../web-dist/assets/zh-TW-Bd-o79EM.js                       292.02 kB │ gzip:    64.27 kB
../../web-dist/assets/zh-CN-BRtMYtNc.js                       294.01 kB │ gzip:    63.04 kB
../../web-dist/assets/ko-KR-Dp6EB5fa.js                       319.25 kB │ gzip:    60.83 kB
../../web-dist/assets/id-ID-TU3yFfl9.js                       324.27 kB │ gzip:    60.19 kB
../../web-dist/assets/pl-PL-CrW19b67.js                       325.01 kB │ gzip:    61.20 kB
../../web-dist/assets/it-IT-DnsEfGzt.js                       325.74 kB │ gzip:    60.52 kB
../../web-dist/assets/pt-BR-B1LKMSSP.js                       325.94 kB │ gzip:    60.72 kB
../../web-dist/assets/de-DE-BXOJas1M.js                       326.79 kB │ gzip:    60.92 kB
../../web-dist/assets/fr-FR-DRKLQCvk.js                       327.75 kB │ gzip:    61.02 kB
../../web-dist/assets/ar-SA-B_LVQzJK.js                       330.65 kB │ gzip:    61.68 kB
../../web-dist/assets/no-B8ItS0F3-BlrHaK3Z.js                 341.90 kB │ gzip:    87.84 kB
../../web-dist/assets/nb-DI8u59ch-S2a9vUN_.js                 341.92 kB │ gzip:    87.85 kB
../../web-dist/assets/nn-ntZvarUK-cMBifkqM.js                 341.92 kB │ gzip:    87.85 kB
../../web-dist/assets/es-ES-ZFhpmqhY.js                       344.82 kB │ gzip:    62.74 kB
../../web-dist/assets/ja-JP-DvI6W79f.js                       369.77 kB │ gzip:    66.64 kB
../../web-dist/assets/ru-RU-BT8VP7we.js                       548.57 kB │ gzip:    79.37 kB
../../web-dist/assets/hu-DVk7Y_ka-CCTZJfqn.js                 765.41 kB │ gzip:   172.84 kB
../../web-dist/assets/index-DpoDUAoR.js                    10,000.14 kB │ gzip: 2,798.84 kB

(!) Some chunks are larger than 6000 kB after minification. Consider:
- Using dynamic import() to code-split the application
- Use build.rollupOptions.output.manualChunks to improve chunking: https://rollupjs.org/configuration-options/#output-manualchunks
- Adjust chunk size limit for this warning via build.chunkSizeWarningLimit.
✓ built in 8.61s
EXIT:0
