# commands.log — Phase 0 基线 (Task 1)
## 时间: 2026-08-12 17:38:57

### node scripts/dev.mjs status
relay  :8787  UP
dsh    :3099  UP

### node scripts/dev.mjs smoke
[smoke] 契约断言（relay-api.md）:
  PASS  GET /api/health
  PASS  GET /api/dir?path=/tmp → ok
  PASS    path/parent 为字符串
  PASS    entries 为数组且每项含 name/dir/hidden/symlink
  PASS    /api/dir 缺省 = 主目录
  PASS  GET /api/file 读绝对路径
  PASS    name 为文件名
  PASS    不可读路径 → ok:false
  PASS  POST /api/inject → token
  PASS  GET /api/inject/<token> 字节回读
  PASS    token 一次性（二次读取 404）
  PASS  GET /docs/?open=path:… 可达（docx 预览 URL 形态）
  PASS  GET /markdown/?open=path:… 可达（md 预览 URL 形态）
  PASS  未知 /api/* → 404
  PASS  事件名镜像一致（local-paths.ts ↔ client/index.ts）
  PASS  tab 可预览扩展名 ⊆ 渲染器白名单
  提示: 渲染器额外链接 mdx（无预览，文档化漂移，见 contracts/relay-api.md 映射表）
[smoke] 全部通过 ✔
