{
  "schema_version": 1,
  "package": "web-feature-completion",
  "uf": "EVD-007",
  "branch": "all",
  "status": "passed",
  "cases": [
    {
      "id": "inventory",
      "status": "passed"
    },
    {
      "id": "sheets-slice",
      "status": "passed"
    },
    {
      "id": "entry-matrix",
      "status": "passed"
    },
    {
      "id": "sheets-semantics",
      "status": "passed"
    },
    {
      "id": "sheets-media",
      "status": "passed"
    },
    {
      "id": "pdf-pages",
      "status": "passed"
    },
    {
      "id": "pdf-convert",
      "status": "passed"
    },
    {
      "id": "slides-structure",
      "status": "passed"
    },
    {
      "id": "slides-media",
      "status": "passed"
    },
    {
      "id": "slides-presentation",
      "status": "passed"
    },
    {
      "id": "print-export",
      "status": "passed"
    },
    {
      "id": "ocr",
      "status": "passed"
    },
    {
      "id": "providers",
      "status": "passed"
    },
    {
      "id": "docs-markdown",
      "status": "passed"
    },
    {
      "id": "html-edit",
      "status": "passed"
    },
    {
      "id": "html-docx",
      "status": "passed"
    },
    {
      "id": "capability",
      "status": "passed"
    },
    {
      "id": "entries-sheets",
      "status": "passed"
    },
    {
      "id": "pdf-slides",
      "status": "passed"
    }
  ],
  "missing": [],
  "skipped": []
}
