{
  "schema_version": 1,
  "package": "web-feature-completion",
  "uf": "UF-004",
  "branch": "slides-media",
  "status": "passed",
  "results": {
    "success": {
      "schema_version": 1,
      "package": "web-feature-completion",
      "uf": "UF-004",
      "branch": "success",
      "run_id": "e8b3f99f-b5e5-4c4f-8991-41c68b6594a3",
      "source_revisions": {
        "plugin": "5d5ee6d18fa87c40d587a2cc5dd429821946f90b",
        "engine": "207a7752b3571b4d201bf409297999d6ffd8a9c5",
        "engine_root": "/private/tmp/genoffice-official-sync-engine"
      },
      "status": "passed",
      "cases": [
        {
          "id": "slides-media-link-hf-export",
          "status": "passed",
          "assertions": [
            {
              "name": "open-ready",
              "status": "passed",
              "expected": "ready",
              "actual": "ready"
            },
            {
              "name": "menu-media",
              "status": "passed",
              "expected": true,
              "actual": {
                "mediaId": "e_2ad0a05c",
                "sourceId": "e_dc015598",
                "link": {
                  "kind": "url",
                  "url": "https://example.com/wfc-menu"
                },
                "hfCount": 1,
                "exported": {
                  "ok": true,
                  "paths": [
                    "/Users/nothing/workspace/dsh/plugin/dsh-genoffice/plugin/docs/web-feature-completion/evidence/phase-0/work-slides-media/export-images-1789250621655/slide-01.png"
                  ]
                },
                "mediaKind": "audio",
                "mediaHasData": true,
                "linked": true
              }
            },
            {
              "name": "menu-link",
              "status": "passed",
              "expected": "wfc-menu",
              "actual": {
                "kind": "url",
                "url": "https://example.com/wfc-menu"
              }
            },
            {
              "name": "menu-hf",
              "status": "passed",
              "expected": 1,
              "actual": 1
            },
            {
              "name": "menu-export",
              "status": "passed",
              "expected": true,
              "actual": {
                "ok": true,
                "paths": [
                  "/Users/nothing/workspace/dsh/plugin/dsh-genoffice/plugin/docs/web-feature-completion/evidence/phase-0/work-slides-media/export-images-1789250621655/slide-01.png"
                ]
              }
            },
            {
              "name": "tool-hf",
              "status": "passed",
              "expected": true,
              "actual": {
                "status": 200,
                "ok": true,
                "execution": {
                  "output": "Applied 1 op(s): applyHeaderFooter.",
                  "mutated": true,
                  "summary": "已应用 1 个操作"
                },
                "revision": "e94821fca1b60141e466b8a4a0f39a8e0176621615e3b8783ebb63468c802f96"
              }
            },
            {
              "name": "tool-link",
              "status": "passed",
              "expected": true,
              "actual": {
                "status": 200,
                "ok": true,
                "execution": {
                  "output": "Applied 1 op(s): setLink @0/e_dc015598.\n<layout-audit>⚠️ Found issue(s) on 1 page(s):\npage 1:\n- Overlap: sp_f\"日志验证 示例演示文稿 · 商务深蓝…\" and pic_g(picture) intersect by 576×324px\n→ Fix issues your edit caused before replying: execute_slide_script on the affected page (it reads live geometry) or another apply_ops with setTransform; at most 2 fix rounds. Issues that already existed and that you did not touch are for your judgment only — do not report them to the user, and never quote element ids in the reply.\n</layout-audit>",
                  "mutated": true,
                  "summary": "已应用 1 个操作"
                },
                "revision": "e94821fca1b60141e466b8a4a0f39a8e0176621615e3b8783ebb63468c802f96"
              }
            },
            {
              "name": "undo-redo",
              "status": "passed",
              "expected": true,
              "actual": {
                "undone": true,
                "redone": true
              }
            },
            {
              "name": "save-ok",
              "status": "passed",
              "expected": true,
              "actual": {
                "status": 200,
                "ok": true,
                "path": "/Users/nothing/workspace/dsh/plugin/dsh-genoffice/plugin/docs/web-feature-completion/evidence/phase-0/work-slides-media/media-source.pptx",
                "name": "media-source.pptx",
                "mtimeMs": 1789250623535.5588
              }
            },
            {
              "name": "disk-changed",
              "status": "passed",
              "expected": "changed",
              "actual": {
                "beforeSha": "e94821fca1b60141e466b8a4a0f39a8e0176621615e3b8783ebb63468c802f96",
                "savedSha": "d0633376abe8646f4cf8f219f8214ef8b20ec53c4c1e49879793f66adf63495a"
              }
            },
            {
              "name": "persist-wav",
              "status": "passed",
              "expected": true,
              "actual": [
                "ppt/media/",
                "ppt/media/media1.wav",
                "ppt/media/image2.png"
              ]
            },
            {
              "name": "persist-link",
              "status": "passed",
              "expected": true,
              "actual": "<?xml version=\"1.0\" encoding=\"UTF-8\" standalone=\"yes\"?>\n<Relationships xmlns=\"http://schemas.openxmlformats.org/package/2006/relationships\">\n<Relationship Id=\"rId1\" Type=\"http://schemas.openxmlformats.org/officeDocument/2006/relationships/slideLayout\" Target=\"../slideLayouts/slideLayout1.xml\"/>\n<Relationship Id=\"rId2\" Type=\"http://schemas.openxmlformats.org/officeDocument/2006/relationships/image\""
            },
            {
              "name": "persist-footer",
              "status": "passed",
              "expected": true,
              "actual": true
            },
            {
              "name": "reopen-ready",
              "status": "passed",
              "expected": "ready",
              "actual": "ready"
            },
            {
              "name": "reopen-hf",
              "status": "passed",
              "expected": "WfcToolFooter",
              "actual": {
                "footer": "WfcToolFooter",
                "slideNum": true,
                "date": "2026-01-02"
              }
            }
          ]
        }
      ]
    },
    "failure1": {
      "schema_version": 1,
      "package": "web-feature-completion",
      "uf": "UF-004",
      "branch": "failure-1",
      "run_id": "9c67d389-c48a-4c8b-8db0-181a437326e5",
      "source_revisions": {
        "plugin": "5d5ee6d18fa87c40d587a2cc5dd429821946f90b",
        "engine": "207a7752b3571b4d201bf409297999d6ffd8a9c5",
        "engine_root": "/private/tmp/genoffice-official-sync-engine"
      },
      "status": "passed",
      "cases": [
        {
          "id": "slides-media-invalid-object",
          "status": "passed",
          "assertions": [
            {
              "name": "bad-ext-rejected",
              "status": "passed",
              "expected": null,
              "actual": null
            },
            {
              "name": "bad-link-rejected",
              "status": "passed",
              "expected": null,
              "actual": null
            },
            {
              "name": "bad-export-rejected",
              "status": "passed",
              "expected": false,
              "actual": {
                "ok": false,
                "error": "exportImages needs an absolute dir and at least one PNG"
              }
            },
            {
              "name": "invalid-keeps-disk",
              "status": "passed",
              "expected": "e94821fca1b60141e466b8a4a0f39a8e0176621615e3b8783ebb63468c802f96",
              "actual": "e94821fca1b60141e466b8a4a0f39a8e0176621615e3b8783ebb63468c802f96"
            }
          ]
        }
      ]
    },
    "failure2": {
      "schema_version": 1,
      "package": "web-feature-completion",
      "uf": "UF-004",
      "branch": "failure-2",
      "run_id": "ccb3e41d-ebc9-416e-9432-c50f53e3d9df",
      "source_revisions": {
        "plugin": "5d5ee6d18fa87c40d587a2cc5dd429821946f90b",
        "engine": "207a7752b3571b4d201bf409297999d6ffd8a9c5",
        "engine_root": "/private/tmp/genoffice-official-sync-engine"
      },
      "status": "passed",
      "cases": [
        {
          "id": "slides-media-illegal-url",
          "status": "passed",
          "assertions": [
            {
              "name": "file-url-rejected",
              "status": "passed",
              "expected": null,
              "actual": null
            },
            {
              "name": "file-url-keeps-disk",
              "status": "passed",
              "expected": "e94821fca1b60141e466b8a4a0f39a8e0176621615e3b8783ebb63468c802f96",
              "actual": "e94821fca1b60141e466b8a4a0f39a8e0176621615e3b8783ebb63468c802f96"
            }
          ]
        }
      ]
    },
    "menu": {
      "mediaId": "e_2ad0a05c",
      "sourceId": "e_dc015598",
      "link": {
        "kind": "url",
        "url": "https://example.com/wfc-menu"
      },
      "hfCount": 1,
      "exported": {
        "ok": true,
        "paths": [
          "/Users/nothing/workspace/dsh/plugin/dsh-genoffice/plugin/docs/web-feature-completion/evidence/phase-0/work-slides-media/export-images-1789250621655/slide-01.png"
        ]
      },
      "mediaKind": "audio",
      "mediaHasData": true,
      "linked": true
    },
    "savedInspect": {
      "slideCount": 1,
      "cx": 9144000,
      "cy": 5143500,
      "hasKeep": false,
      "hasTool": false,
      "hasOld": true,
      "hidden": false,
      "section": false,
      "themeEmber": false
    },
    "reopenState": {
      "hf": {
        "footer": "WfcToolFooter",
        "slideNum": true,
        "date": "2026-01-02"
      },
      "link": {
        "kind": "url",
        "url": "https://example.com/wfc-tool"
      },
      "slideCount": 1
    },
    "hasWav": true
  }
}
