{
  "schema_version": 1,
  "package": "web-feature-completion",
  "uf": "UF-001",
  "branch": "capability",
  "status": "passed",
  "cases": [
    {
      "id": "capability-coverage",
      "status": "passed",
      "assertions": [
        {
          "name": "inventory-owned",
          "status": "passed",
          "expected": 0,
          "actual": []
        },
        {
          "name": "html-inventory-available",
          "status": "passed",
          "expected": "available",
          "actual": [
            "web-build-route:available",
            "edit-save:available",
            "html-to-docx:available"
          ]
        },
        {
          "name": "plugin-row-available",
          "status": "passed",
          "expected": "available",
          "actual": [
            "available"
          ]
        },
        {
          "name": "capability-has-html",
          "status": "passed",
          "expected": true,
          "actual": {
            "hasApply": true
          }
        },
        {
          "name": "table-has-html",
          "status": "passed",
          "expected": true,
          "actual": null
        },
        {
          "name": "claimed-keeps-preview",
          "status": "passed",
          "expected": true,
          "actual": null
        },
        {
          "name": "previewable-html",
          "status": "passed",
          "expected": true,
          "actual": null
        },
        {
          "name": "html-open-and-services",
          "status": "passed",
          "expected": true,
          "actual": null
        },
        {
          "name": "html-route",
          "status": "passed",
          "expected": "200 text/html",
          "actual": {
            "status": 200,
            "htmlCt": "text/html; charset=utf-8"
          }
        },
        {
          "name": "service-ready-positive",
          "status": "passed",
          "expected": true,
          "actual": {
            "available": true,
            "executor": "html2docx-cli"
          }
        }
      ]
    },
    {
      "id": "capability-service-unconfigured",
      "status": "passed",
      "assertions": [
        {
          "name": "service-unconfigured",
          "status": "passed",
          "expected": false,
          "actual": {
            "available": false,
            "reason": "html-docx-disabled"
          }
        },
        {
          "name": "no-desktop-redirect",
          "status": "passed",
          "expected": false,
          "actual": {
            "available": false,
            "reason": "html-docx-disabled"
          }
        }
      ]
    },
    {
      "id": "capability-no-orphan-claim",
      "status": "passed",
      "assertions": [
        {
          "name": "undeclared-stub-not-available",
          "status": "passed",
          "expected": true,
          "actual": 48
        },
        {
          "name": "html-not-claimed-click",
          "status": "passed",
          "expected": true,
          "actual": null
        }
      ]
    }
  ]
}
