case=file-conflict
ok=true
focus=concurrent-at-most-one
[
  {
    "name": "external-50ms-conflict",
    "status": "passed",
    "expected": "conflict + keep external",
    "actual": {
      "ignored": {
        "ok": false,
        "error": "conflict"
      },
      "afterExternal": "external edit"
    }
  },
  {
    "name": "concurrent-at-most-one",
    "status": "passed",
    "expected": "<=1 ok",
    "actual": [
      {
        "ok": true
      },
      {
        "ok": false,
        "error": "conflict"
      }
    ]
  },
  {
    "name": "post-file-requires-version",
    "status": "passed",
    "expected": "reject missing file version",
    "actual": {
      "ok": false,
      "error": "conflict"
    }
  }
]