=== npm --prefix ../engine run web:build --workspaces --if-present ===
started=2026-09-12T16:59:25Z

> @genoffice/docs@0.1.0 web:build
> vite build --config vite.web.config.ts

vite v7.3.6 building client environment for production...
transforming...
✓ 314 modules transformed.
rendering chunks...
computing gzip size...
../../web-dist/index.html                                                  0.71 kB │ gzip:   0.40 kB
../../web-dist/assets/send-enter-off-B0IfWMyy.png                          4.25 kB
../../web-dist/assets/GenOfficeTamil-Regular-DLISHPmH.woff2               33.07 kB
../../web-dist/assets/Caladea-Bold-D8qQyaGr.ttf                           58.89 kB
../../web-dist/assets/Caladea-Regular-BTbwo_Qo.ttf                        58.96 kB
../../web-dist/assets/Caladea-BoldItalic-wZEKqfeH.ttf                     61.83 kB
../../web-dist/assets/Caladea-Italic-B_Jy4Zu6.ttf                         61.86 kB
../../web-dist/assets/NotoSansArabic-Regular-subset-D207GVuU.woff2        63.67 kB
../../web-dist/assets/NotoNaskhArabic-Regular-subset-DQSqx2ZA.woff2       69.62 kB
../../web-dist/assets/GenOfficeSansKR-Regular-subset-m3mfWUkH.woff2      262.08 kB
../../web-dist/assets/LiberationMono-Italic-BaW6sbi8.ttf                 281.54 kB
../../web-dist/assets/GenOfficeGothicKR-Regular-subset-Bkvj_MFZ.woff2    281.98 kB
../../web-dist/assets/LiberationMono-BoldItalic-CW50-m9W.ttf             284.07 kB
../../web-dist/assets/LiberationMono-Bold-JpIqZVyK.ttf                   308.00 kB
../../web-dist/assets/LiberationMono-Regular-CscJ8ftk.ttf                319.51 kB
../../web-dist/assets/LiberationSerif-Bold-CT7WGLoV.ttf                  370.10 kB
../../web-dist/assets/LiberationSerif-Italic-Bwtmn-ni.ttf                375.63 kB
../../web-dist/assets/LiberationSerif-BoldItalic-DHf5skZ4.ttf            376.77 kB
../../web-dist/assets/LiberationSerif-Regular-DREh6cMU.ttf               393.58 kB
../../web-dist/assets/LiberationSans-BoldItalic-BC07J_j6.ttf             409.00 kB
../../web-dist/assets/LiberationSans-Regular-CqxnOoBp.ttf                410.71 kB
../../web-dist/assets/LiberationSans-Bold-CAnzDFU4.ttf                   414.46 kB
../../web-dist/assets/LiberationSans-Italic-D6GtLuAT.ttf                 415.82 kB
../../web-dist/assets/GenOfficeSerifKR-Regular-subset-kJEwwrfx.woff2     511.58 kB
../../web-dist/assets/Carlito-Italic-KkZUqxJW.ttf                        619.05 kB
../../web-dist/assets/Carlito-Regular-Cbe9FLjp.ttf                       631.71 kB
../../web-dist/assets/Carlito-Bold-BhbXr__n.ttf                          686.24 kB
../../web-dist/assets/Carlito-BoldItalic-0dXjwGA0.ttf                    812.34 kB
../../web-dist/assets/NotoSansCJKsc-Regular-subset-BuHGXxnc.woff2      2,533.16 kB
../../web-dist/assets/NotoSerifCJKsc-Regular-subset-CLPB6QGT.woff2     3,495.93 kB
../../web-dist/assets/index-B6dt_5Sq.css                                 141.75 kB │ gzip:  25.84 kB
../../web-dist/assets/index-_YZGbUym.js                                3,040.86 kB │ gzip: 913.69 kB
✓ built in 8.30s

> @genoffice/markdown@0.1.0 web:build
> vite build --config vite.web.config.ts

vite v7.3.6 building client environment for production...
transforming...
✓ 260 modules transformed.
rendering chunks...
computing gzip size...
../../web-dist/index.html                                           0.72 kB │ gzip:   0.40 kB
../../web-dist/assets/send-enter-off-B0IfWMyy.png                   4.25 kB
../../web-dist/assets/KaTeX_Size3-Regular-CTq5MqoE.woff             4.42 kB
../../web-dist/assets/KaTeX_Size4-Regular-Dl5lxZxV.woff2            4.93 kB
../../web-dist/assets/KaTeX_Size2-Regular-Dy4dx90m.woff2            5.21 kB
../../web-dist/assets/KaTeX_Size1-Regular-mCD8mA8B.woff2            5.47 kB
../../web-dist/assets/KaTeX_Size4-Regular-BF-4gkZK.woff             5.98 kB
../../web-dist/assets/KaTeX_Size2-Regular-oD1tc_U0.woff             6.19 kB
../../web-dist/assets/KaTeX_Size1-Regular-C195tn64.woff             6.50 kB
../../web-dist/assets/KaTeX_Caligraphic-Regular-Di6jR-x-.woff2      6.91 kB
../../web-dist/assets/KaTeX_Caligraphic-Bold-Dq_IR9rO.woff2         6.91 kB
../../web-dist/assets/KaTeX_Size3-Regular-DgpXs0kz.ttf              7.59 kB
../../web-dist/assets/KaTeX_Caligraphic-Regular-CTRA-rTL.woff       7.66 kB
../../web-dist/assets/KaTeX_Caligraphic-Bold-BEiXGLvX.woff          7.72 kB
../../web-dist/assets/KaTeX_Script-Regular-D3wIWfF6.woff2           9.64 kB
../../web-dist/assets/KaTeX_SansSerif-Regular-DDBCnlJ7.woff2       10.34 kB
../../web-dist/assets/KaTeX_Size4-Regular-DWFBv043.ttf             10.36 kB
../../web-dist/assets/KaTeX_Script-Regular-D5yQViql.woff           10.59 kB
../../web-dist/assets/KaTeX_Fraktur-Regular-CTYiF6lA.woff2         11.32 kB
../../web-dist/assets/KaTeX_Fraktur-Bold-CL6g_b3V.woff2            11.35 kB
../../web-dist/assets/KaTeX_Size2-Regular-B7gKUWhC.ttf             11.51 kB
../../web-dist/assets/KaTeX_SansSerif-Italic-C3H0VqGB.woff2        12.03 kB
../../web-dist/assets/KaTeX_SansSerif-Bold-D1sUS0GD.woff2          12.22 kB
../../web-dist/assets/KaTeX_Size1-Regular-Dbsnue_I.ttf             12.23 kB
../../web-dist/assets/KaTeX_SansSerif-Regular-CS6fqUqJ.woff        12.32 kB
../../web-dist/assets/KaTeX_Caligraphic-Regular-wX97UBjC.ttf       12.34 kB
../../web-dist/assets/KaTeX_Caligraphic-Bold-ATXxdsX0.ttf          12.37 kB
../../web-dist/assets/KaTeX_Fraktur-Regular-Dxdc4cR9.woff          13.21 kB
../../web-dist/assets/KaTeX_Fraktur-Bold-BsDP51OF.woff             13.30 kB
../../web-dist/assets/KaTeX_Typewriter-Regular-CO6r4hn1.woff2      13.57 kB
../../web-dist/assets/KaTeX_SansSerif-Italic-DN2j7dab.woff         14.11 kB
../../web-dist/assets/KaTeX_SansSerif-Bold-DbIhKOiC.woff           14.41 kB
../../web-dist/assets/KaTeX_Typewriter-Regular-C0xS9mPB.woff       16.03 kB
../../web-dist/assets/KaTeX_Math-BoldItalic-CZnvNsCZ.woff2         16.40 kB
../../web-dist/assets/KaTeX_Math-Italic-t53AETM-.woff2             16.44 kB
../../web-dist/assets/KaTeX_Script-Regular-C5JkGWo-.ttf            16.65 kB
../../web-dist/assets/KaTeX_Main-BoldItalic-DxDJ3AOS.woff2         16.78 kB
../../web-dist/assets/KaTeX_Main-Italic-NWA7e6Wa.woff2             16.99 kB
../../web-dist/assets/KaTeX_Math-BoldItalic-iY-2wyZ7.woff          18.67 kB
../../web-dist/assets/KaTeX_Math-Italic-DA0__PXp.woff              18.75 kB
../../web-dist/assets/KaTeX_Main-BoldItalic-SpSLRI95.woff          19.41 kB
../../web-dist/assets/KaTeX_SansSerif-Regular-BNo7hRIc.ttf         19.44 kB
../../web-dist/assets/KaTeX_Fraktur-Regular-CB_wures.ttf           19.57 kB
../../web-dist/assets/KaTeX_Fraktur-Bold-BdnERNNW.ttf              19.58 kB
../../web-dist/assets/KaTeX_Main-Italic-BMLOBm91.woff              19.68 kB
../../web-dist/assets/KaTeX_SansSerif-Italic-YYjJ1zSn.ttf          22.36 kB
../../web-dist/assets/KaTeX_SansSerif-Bold-CFMepnvq.ttf            24.50 kB
../../web-dist/assets/KaTeX_Main-Bold-Cx986IdX.woff2               25.32 kB
../../web-dist/assets/KaTeX_Main-Regular-B22Nviop.woff2            26.27 kB
../../web-dist/assets/KaTeX_Typewriter-Regular-D3Ib7_Hf.ttf        27.56 kB
../../web-dist/assets/KaTeX_AMS-Regular-BQhdFMY1.woff2             28.08 kB
../../web-dist/assets/KaTeX_Main-Bold-Jm3AIy58.woff                29.91 kB
../../web-dist/assets/KaTeX_Main-Regular-Dr94JaBh.woff             30.77 kB
../../web-dist/assets/KaTeX_Math-BoldItalic-B3XSjfu4.ttf           31.20 kB
../../web-dist/assets/KaTeX_Math-Italic-flOr_0UB.ttf               31.31 kB
../../web-dist/assets/KaTeX_Main-BoldItalic-DzxPMmG6.ttf           32.97 kB
../../web-dist/assets/KaTeX_AMS-Regular-DMm9YOAa.woff              33.52 kB
../../web-dist/assets/KaTeX_Main-Italic-3WenGoN9.ttf               33.58 kB
../../web-dist/assets/KaTeX_Main-Bold-waoOVXN0.ttf                 51.34 kB
../../web-dist/assets/KaTeX_Main-Regular-ypZvNtVU.ttf              53.58 kB
../../web-dist/assets/KaTeX_AMS-Regular-DRggAlZN.ttf               63.63 kB
../../web-dist/assets/index-DkkiJMCZ.css                           67.05 kB │ gzip:  16.44 kB
../../web-dist/assets/index-CtH43Rj3.js                         1,847.52 kB │ gzip: 592.96 kB
✓ built in 6.83s

> @genoffice/pdf@0.1.0 web:build
> vite build --config vite.web.config.ts

vite v7.3.6 building client environment for production...
transforming...
✓ 317 modules transformed.
rendering chunks...
[plugin vite:reporter] 
(!) /Users/nothing/workspace/dsh/plugin/dsh-genoffice/engine/apps/pdf/src/renderer/web-text-edit.ts is dynamically imported by /Users/nothing/workspace/dsh/plugin/dsh-genoffice/engine/apps/pdf/src/renderer/web-pdf-save.ts, /Users/nothing/workspace/dsh/plugin/dsh-genoffice/engine/apps/pdf/src/renderer/web-pdf-save.ts, /Users/nothing/workspace/dsh/plugin/dsh-genoffice/engine/apps/pdf/src/renderer/web-pdf-save.ts, /Users/nothing/workspace/dsh/plugin/dsh-genoffice/engine/apps/pdf/src/renderer/web-pdf-save.ts but also statically imported by /Users/nothing/workspace/dsh/plugin/dsh-genoffice/engine/apps/pdf/src/renderer/web-bridge.ts, /Users/nothing/workspace/dsh/plugin/dsh-genoffice/engine/apps/pdf/src/renderer/web-image-edit.ts, dynamic import will not move module into another chunk.

[plugin vite:reporter] 
(!) /Users/nothing/workspace/dsh/plugin/dsh-genoffice/engine/apps/pdf/src/renderer/ai/pdf-skill.ts is dynamically imported by /Users/nothing/workspace/dsh/plugin/dsh-genoffice/engine/apps/pdf/src/renderer/control.ts but also statically imported by /Users/nothing/workspace/dsh/plugin/dsh-genoffice/engine/apps/pdf/src/renderer/ai/AiPanel.tsx, dynamic import will not move module into another chunk.

computing gzip size...
../../web-dist/index.html                                         0.81 kB │ gzip:     0.45 kB
../../web-dist/assets/send-enter-off-B0IfWMyy.png                 4.25 kB
../../web-dist/assets/LiberationSans-BoldItalic-Bj53-jFw.ttf    135.12 kB
../../web-dist/assets/LiberationSans-Bold-BPt4bU5Z.ttf          137.05 kB
../../web-dist/assets/LiberationSans-Regular-cbskN6YR.ttf       139.51 kB
../../web-dist/assets/LiberationSans-Italic-5QhGB3P9.ttf        162.04 kB
../../web-dist/assets/hb-subset-_PGx1ra3.wasm                   634.89 kB │ gzip:   251.09 kB
../../web-dist/assets/pdf.worker.min-CLrFZWeq.mjs             1,312.45 kB
../../web-dist/assets/pdfium-RAgkpwfK.wasm                    4,633.79 kB │ gzip: 2,138.03 kB
../../web-dist/assets/index-FTfg8i_L.css                         59.86 kB │ gzip:    11.84 kB
../../web-dist/assets/web-image-edit-3Zxnye9t.js                  8.57 kB │ gzip:     3.10 kB
../../web-dist/assets/index.browser-C-ipjHXs.js                 156.77 kB │ gzip:    38.30 kB
../../web-dist/assets/index-GQMv2DYV.js                       1,672.87 kB │ gzip:   566.37 kB
✓ built in 6.47s

> @genoffice/sheets@0.1.0 web:build
> vite build --config vite.web.config.ts

vite v7.3.6 building client environment for production...
transforming...
✓ 3577 modules transformed.
rendering chunks...
computing gzip size...
../../web-dist/index.html                                       0.71 kB │ gzip:     0.40 kB
../../web-dist/assets/send-enter-off-B0IfWMyy.png               4.25 kB
../../web-dist/assets/Carlito-Italic-KkZUqxJW.ttf             619.05 kB
../../web-dist/assets/Carlito-Regular-Cbe9FLjp.ttf            631.71 kB
../../web-dist/assets/Carlito-Bold-BhbXr__n.ttf               686.24 kB
../../web-dist/assets/Carlito-BoldItalic-0dXjwGA0.ttf         812.34 kB
../../web-dist/assets/index-47kwMByN.css                      166.00 kB │ gzip:    28.54 kB
../../web-dist/assets/zh-CN-CDcUenFd.js                         0.23 kB │ gzip:     0.22 kB
../../web-dist/assets/it-IT-CW6Z1-IX.js                         0.23 kB │ gzip:     0.20 kB
../../web-dist/assets/zh-TW-D-kBJoc0.js                         0.23 kB │ gzip:     0.22 kB
../../web-dist/assets/pt-BR-D6terENd.js                         0.23 kB │ gzip:     0.19 kB
../../web-dist/assets/es-ES-8KTGlQoL.js                         0.23 kB │ gzip:     0.20 kB
../../web-dist/assets/pl-PL-4gTL3UIi.js                         0.23 kB │ gzip:     0.20 kB
../../web-dist/assets/ko-KR-CjQv7RD9.js                         0.24 kB │ gzip:     0.23 kB
../../web-dist/assets/fr-FR-C1yNoHEW.js                         0.24 kB │ gzip:     0.21 kB
../../web-dist/assets/de-DE-DZ-VMM8p.js                         0.24 kB │ gzip:     0.21 kB
../../web-dist/assets/id-ID-B-d5le2z.js                         0.24 kB │ gzip:     0.20 kB
../../web-dist/assets/ja-JP-D-dKtntf.js                         0.26 kB │ gzip:     0.23 kB
../../web-dist/assets/ar-SA-BsFLjQla.js                         0.27 kB │ gzip:     0.23 kB
../../web-dist/assets/ru-RU-CD-_IO0D.js                         0.33 kB │ gzip:     0.26 kB
../../web-dist/assets/pa-C54UG8eN-EW_8hrTF.js                   0.53 kB │ gzip:     0.23 kB
../../web-dist/assets/or-50rxpoq4-B_XNinj_.js                   0.57 kB │ gzip:     0.24 kB
../../web-dist/assets/gu-Bjl0l-cf-Bb_OSiMJ.js                   0.58 kB │ gzip:     0.24 kB
../../web-dist/assets/hi-DsAaTPCC-lc1bUHMk.js                   0.61 kB │ gzip:     0.25 kB
../../web-dist/assets/mr-CjWJPVmH-BKMRnoAc.js                   0.61 kB │ gzip:     0.25 kB
../../web-dist/assets/as-BPtSu6VN-CYxxmKqh.js                   0.63 kB │ gzip:     0.26 kB
../../web-dist/assets/bn-NCLZcWHi-CsgykzQM.js                   0.63 kB │ gzip:     0.26 kB
../../web-dist/assets/te-B5Spl2Jk-DYnT8Dmf.js                   0.63 kB │ gzip:     0.25 kB
../../web-dist/assets/kn-C6Lov-DP-D7dHjlY1.js                   0.63 kB │ gzip:     0.25 kB
../../web-dist/assets/ta-BcghgTbD-D3SGVeDl.js                   0.71 kB │ gzip:     0.25 kB
../../web-dist/assets/ml-2xLVYkVY-CBhOFsDv.js                   0.81 kB │ gzip:     0.30 kB
../../web-dist/assets/pi-B9cgjyG1-v-IB86gp.js                   0.86 kB │ gzip:     0.35 kB
../../web-dist/assets/zh-CN-B8LSyNv-.js                         0.95 kB │ gzip:     0.56 kB
../../web-dist/assets/zh-TW-B3JSUd3t.js                         0.95 kB │ gzip:     0.56 kB
../../web-dist/assets/ko-KR-D9Qxb5wP.js                         1.07 kB │ gzip:     0.57 kB
../../web-dist/assets/id-ID-8mIFdMf5.js                         1.07 kB │ gzip:     0.49 kB
../../web-dist/assets/pl-PL-DeztQI9l.js                         1.09 kB │ gzip:     0.54 kB
../../web-dist/assets/it-IT-DvMClPGO.js                         1.12 kB │ gzip:     0.51 kB
../../web-dist/assets/es-ES-CveqsC8P.js                         1.14 kB │ gzip:     0.53 kB
../../web-dist/assets/de-DE-C49-ILHo.js                         1.14 kB │ gzip:     0.53 kB
../../web-dist/assets/pt-BR-DmN7uQSt.js                         1.14 kB │ gzip:     0.51 kB
../../web-dist/assets/fr-FR-B9N3WcrO.js                         1.16 kB │ gzip:     0.53 kB
../../web-dist/assets/zh-CN-KohfCD-y.js                         1.22 kB │ gzip:     0.72 kB
../../web-dist/assets/ja-JP-tzvRqqOB.js                         1.22 kB │ gzip:     0.63 kB
../../web-dist/assets/ar-SA-DobzusvO.js                         1.23 kB │ gzip:     0.56 kB
../../web-dist/assets/id-ID-CVwEp-WD.js                         1.25 kB │ gzip:     0.66 kB
../../web-dist/assets/zh-TW-B8aAOHx3.js                         1.26 kB │ gzip:     0.76 kB
../../web-dist/assets/zh-latn-pinyin-BdYb-Ey_-BpSBSv6m.js       1.28 kB │ gzip:     0.22 kB
../../web-dist/assets/de-DE-Cq7_CdIc.js                         1.32 kB │ gzip:     0.69 kB
../../web-dist/assets/ko-KR-CAetYNXj.js                         1.41 kB │ gzip:     0.78 kB
../../web-dist/assets/it-IT-kauns_8o.js                         1.41 kB │ gzip:     0.68 kB
../../web-dist/assets/pl-PL-BzYBZElz.js                         1.43 kB │ gzip:     0.75 kB
../../web-dist/assets/es-ES-BS5Tb1BU.js                         1.46 kB │ gzip:     0.70 kB
../../web-dist/assets/ja-JP-CXbeyxad.js                         1.46 kB │ gzip:     0.82 kB
../../web-dist/assets/pt-BR-CVOHNYmM.js                         1.50 kB │ gzip:     0.73 kB
../../web-dist/assets/eu-Ctv_kq9Z-DMhU9kwg.js                   1.52 kB │ gzip:     0.21 kB
../../web-dist/assets/fr-FR-B-gGRE7j.js                         1.56 kB │ gzip:     0.72 kB
../../web-dist/assets/ar-SA-D5Mm1Diq.js                         1.69 kB │ gzip:     0.78 kB
../../web-dist/assets/ru-RU-C4H3JZg8.js                         1.81 kB │ gzip:     0.68 kB
../../web-dist/assets/ru-RU-DGlvf6no.js                         1.88 kB │ gzip:     0.86 kB
../../web-dist/assets/zh-TW-Du1F8pqC.js                         1.92 kB │ gzip:     1.04 kB
../../web-dist/assets/zh-CN-BQiMjKSU.js                         1.92 kB │ gzip:     1.04 kB
../../web-dist/assets/it-IT-BGkXbCwX.js                         2.26 kB │ gzip:     1.01 kB
../../web-dist/assets/ko-KR-DAUCr3gN.js                         2.27 kB │ gzip:     1.10 kB
../../web-dist/assets/de-DE-B-ZL2O2t.js                         2.27 kB │ gzip:     1.05 kB
../../web-dist/assets/pt-Cum2_NUC-D8aZaPM_.js                   2.29 kB │ gzip:     0.31 kB
../../web-dist/assets/es-ES-BjHO2iIB.js                         2.29 kB │ gzip:     1.02 kB
../../web-dist/assets/pt-BR-upds5106.js                         2.29 kB │ gzip:     1.06 kB
../../web-dist/assets/id-ID-hlq6w-_x.js                         2.31 kB │ gzip:     0.99 kB
../../web-dist/assets/pl-PL-_UWJPrgz.js                         2.36 kB │ gzip:     1.11 kB
../../web-dist/assets/fr-FR-DvDZ6FCj.js                         2.38 kB │ gzip:     1.05 kB
../../web-dist/assets/ja-JP-BdzhQDvl.js                         2.40 kB │ gzip:     1.15 kB
../../web-dist/assets/id-DifDyWg9-1QUBE4o0.js                   2.52 kB │ gzip:     0.63 kB
../../web-dist/assets/oc-P_i3-xLA-Cg0Gj-PC.js                   2.56 kB │ gzip:     0.67 kB
../../web-dist/assets/ar-SA-BGDPWswC.js                         2.67 kB │ gzip:     1.14 kB
../../web-dist/assets/kmr-Cfwhwuff-DNWs8Gbk.js                  2.73 kB │ gzip:     0.80 kB
../../web-dist/assets/zh-CN-D0l6aS5b.js                         2.77 kB │ gzip:     1.50 kB
../../web-dist/assets/zh-TW-BOg2wlZJ.js                         2.77 kB │ gzip:     1.50 kB
../../web-dist/assets/zh-TW-DfqR52WH.js                         2.93 kB │ gzip:     1.39 kB
../../web-dist/assets/zh-CN-BlVklNXq.js                         2.93 kB │ gzip:     1.37 kB
../../web-dist/assets/id-ID-BHsrR5V-.js                         2.97 kB │ gzip:     1.40 kB
../../web-dist/assets/ru-RU-DuaA3HOc.js                         3.14 kB │ gzip:     1.24 kB
../../web-dist/assets/fi-RW5VB8Yp-C_52fTOR.js                   3.19 kB │ gzip:     0.78 kB
../../web-dist/assets/la-DuvHjUWw-BcBNkSEh.js                   3.19 kB │ gzip:     0.63 kB
../../web-dist/assets/it-IT-xUYyugbC.js                         3.23 kB │ gzip:     1.46 kB
../../web-dist/assets/es-ES-DzkjAIbA.js                         3.24 kB │ gzip:     1.47 kB
../../web-dist/assets/de-DE-BWweGVm6.js                         3.24 kB │ gzip:     1.50 kB
../../web-dist/assets/pl-PL-B87It3A7.js                         3.25 kB │ gzip:     1.55 kB
../../web-dist/assets/pt-BR--yMYiRT2.js                         3.28 kB │ gzip:     1.50 kB
../../web-dist/assets/ko-KR-yt_qsJc2.js                         3.28 kB │ gzip:     1.48 kB
../../web-dist/assets/ko-KR-X7Ya3Uex.js                         3.28 kB │ gzip:     1.63 kB
../../web-dist/assets/ja-JP-BOnEUqvj.js                         3.33 kB │ gzip:     1.51 kB
../../web-dist/assets/pms-BRGfm5gS-DtZRgBhp.js                  3.38 kB │ gzip:     0.91 kB
../../web-dist/assets/fr-FR-CyeaEN-c.js                         3.39 kB │ gzip:     1.51 kB
../../web-dist/assets/ja-JP-bTO8Kgv9.js                         3.42 kB │ gzip:     1.72 kB
../../web-dist/assets/id-ID-PkPpR_hT.js                         3.43 kB │ gzip:     1.34 kB
../../web-dist/assets/pt-BR-Cn54X5Ia.js                         3.46 kB │ gzip:     1.44 kB
../../web-dist/assets/pl-PL-B7j9Q3us.js                         3.48 kB │ gzip:     1.46 kB
../../web-dist/assets/it-IT-B46BIEzf.js                         3.49 kB │ gzip:     1.40 kB
../../web-dist/assets/es-ES-kMVydoNz.js                         3.50 kB │ gzip:     1.40 kB
../../web-dist/assets/zh-TW-YxzuitD1.js                         3.51 kB │ gzip:     1.58 kB
../../web-dist/assets/zh-CN-BQ4UblwR.js                         3.51 kB │ gzip:     1.59 kB
../../web-dist/assets/de-DE-CnKXbinY.js                         3.56 kB │ gzip:     1.44 kB
../../web-dist/assets/it-Bt_Meacx-BwawXXgW.js                   3.63 kB │ gzip:     0.87 kB
../../web-dist/assets/fr-FR-BJ1RzVv-.js                         3.66 kB │ gzip:     1.45 kB
../../web-dist/assets/rm-C0MIK9N4-DeBfDBrx.js                   3.67 kB │ gzip:     0.94 kB
../../web-dist/assets/mul-ethi-D_CMSMEq-2TGBnG-Z.js             3.69 kB │ gzip:     0.92 kB
../../web-dist/assets/ko-KR-C_2IG_Of.js                         3.75 kB │ gzip:     1.59 kB
../../web-dist/assets/ar-SA-D3HDskol.js                         3.77 kB │ gzip:     1.61 kB
../../web-dist/assets/fur-AC12wySk-Ulg0Fy5V.js                  3.90 kB │ gzip:     1.01 kB
../../web-dist/assets/tr-CIHIuzqc-ZkOY1dVp.js                   3.97 kB │ gzip:     0.34 kB
../../web-dist/assets/de-DE-DH57k9tH.js                         4.02 kB │ gzip:     1.51 kB
../../web-dist/assets/id-ID-kICt2ki4.js                         4.04 kB │ gzip:     1.44 kB
../../web-dist/assets/es-ES-DyaDv9nT.js                         4.06 kB │ gzip:     1.49 kB
../../web-dist/assets/pt-BR-8We_XKYB.js                         4.08 kB │ gzip:     1.52 kB
../../web-dist/assets/it-IT-yq3Ayz3j.js                         4.08 kB │ gzip:     1.46 kB
../../web-dist/assets/ja-JP-CLuFx7vd.js                         4.10 kB │ gzip:     1.70 kB
../../web-dist/assets/pl-PL-CwRWg_mW.js                         4.13 kB │ gzip:     1.60 kB
../../web-dist/assets/ar-SA-bgxUHEO8.js                         4.22 kB │ gzip:     1.54 kB
../../web-dist/assets/fr-FR-DwBJCY3t.js                         4.32 kB │ gzip:     1.58 kB
../../web-dist/assets/mn-cyrl-x-lmc-3aetruI8-mEBV16An.js        4.83 kB │ gzip:     1.20 kB
../../web-dist/assets/ru-RU-C5JzDFl5.js                         4.85 kB │ gzip:     1.82 kB
../../web-dist/assets/el-monoton-D3aKqTz2-DpMW17GV.js           4.87 kB │ gzip:     0.88 kB
../../web-dist/assets/ru-RU-DyApnp2c.js                         4.97 kB │ gzip:     1.75 kB
../../web-dist/assets/ar-SA-ZxsekpCC.js                         5.00 kB │ gzip:     1.69 kB
../../web-dist/assets/ru-RU-9W1sLU-D.js                         5.70 kB │ gzip:     1.89 kB
../../web-dist/assets/ia-Cr4TJH0c-BcFKNbxH.js                   6.49 kB │ gzip:     1.82 kB
../../web-dist/assets/cop-C3sk0IUo-Cj8cOj0I.js                  6.89 kB │ gzip:     0.70 kB
../../web-dist/assets/ro-0fmdH0HA-1lLksn9e.js                   7.27 kB │ gzip:     2.14 kB
../../web-dist/assets/ca-SUf6Y2Om-Dp4lcbPL.js                   7.86 kB │ gzip:     1.13 kB
../../web-dist/assets/la-x-classic-yTyAOQEt-DuDJBVty.js         8.93 kB │ gzip:     2.31 kB
../../web-dist/assets/sa-CKY9c_Vq-DzgpFnfw.js                   9.71 kB │ gzip:     1.65 kB
../../web-dist/assets/zh-TW-D1b2DSoe.js                        10.78 kB │ gzip:     1.81 kB
../../web-dist/assets/zh-CN-D3qGYTCc.js                        11.02 kB │ gzip:     1.81 kB
../../web-dist/assets/hr-DT1SBBes-CkK3TemH.js                  11.36 kB │ gzip:     0.96 kB
../../web-dist/assets/hy-e995ysyO-Cf-NYmW5.js                  11.93 kB │ gzip:     0.30 kB
../../web-dist/assets/id-ID-DFwHyZZY.js                        12.11 kB │ gzip:     1.88 kB
../../web-dist/assets/mn-cyrl-lHM4n0oC-QhYuXAWB.js             12.15 kB │ gzip:     2.14 kB
../../web-dist/assets/it-IT-D7dn8x-m.js                        12.54 kB │ gzip:     1.87 kB
../../web-dist/assets/sl-DpiklF-D-_46w5B9b.js                  12.60 kB │ gzip:     3.43 kB
../../web-dist/assets/es-ES-CHlxhEkU.js                        12.63 kB │ gzip:     1.80 kB
../../web-dist/assets/pt-BR-B6Hu6EnJ.js                        12.67 kB │ gzip:     1.88 kB
../../web-dist/assets/da-CCDXfXtG-C3O8h2wc.js                  12.72 kB │ gzip:     3.47 kB
../../web-dist/assets/pl-PL-McMUavLV.js                        12.85 kB │ gzip:     1.94 kB
../../web-dist/assets/ko-KR-cOSqutGG.js                        12.88 kB │ gzip:     1.91 kB
../../web-dist/assets/de-DE-CmnBI1pF.js                        13.19 kB │ gzip:     2.00 kB
../../web-dist/assets/fr-FR-D6Yo_34I.js                        13.28 kB │ gzip:     1.83 kB
../../web-dist/assets/hsb-DC_ITc1e-C4pa9vvS.js                 14.01 kB │ gzip:     1.93 kB
../../web-dist/assets/ja-JP-1V2bkXll.js                        14.76 kB │ gzip:     2.00 kB
../../web-dist/assets/lt-BBe8DlDF-CObMPDIF.js                  14.77 kB │ gzip:     3.60 kB
../../web-dist/assets/ar-SA-mLuNL2ab.js                        15.22 kB │ gzip:     2.01 kB
../../web-dist/assets/tk-BMbKB10q-cqtw6prh.js                  16.96 kB │ gzip:     0.99 kB
../../web-dist/assets/el-polyton-ogVWcTzh-BOWLBXgh.js          17.63 kB │ gzip:     2.87 kB
../../web-dist/assets/ru-RU-BdKD0o6N.js                        18.00 kB │ gzip:     2.14 kB
../../web-dist/assets/la-x-liturgic-CXeQb4FY-DNU_Uk5t.js       22.82 kB │ gzip:     5.72 kB
../../web-dist/assets/fr-BC2onEz9-BGmqATrI.js                  24.14 kB │ gzip:     4.31 kB
../../web-dist/assets/ka-jyoLzyDE-CZftRBZr.js                  26.19 kB │ gzip:     4.56 kB
../../web-dist/assets/be-CrQ0smca-B2EeXxUh.js                  27.83 kB │ gzip:     2.26 kB
../../web-dist/assets/sh-latn-sRy4Tuaj-DcyoDtEt.js             29.78 kB │ gzip:     5.31 kB
../../web-dist/assets/sr-cyrl-Dpzrbd0W-DKfS_grW.js             31.60 kB │ gzip:     5.60 kB
../../web-dist/assets/sk-_iOeDNrQ-BXQc18Za.js                  31.69 kB │ gzip:     6.83 kB
../../web-dist/assets/sh-cyrl-BpCRFOmq-Cv4-R-p6.js             32.50 kB │ gzip:     5.46 kB
../../web-dist/assets/gl-DZGc-K_G-DLl5jmsP.js                  33.64 kB │ gzip:     4.31 kB
../../web-dist/assets/cs-CmAteokq-TjIVgNl6.js                  39.76 kB │ gzip:    10.15 kB
../../web-dist/assets/es-DcaaHPU_-sYKznHcq.js                  44.13 kB │ gzip:     6.32 kB
../../web-dist/assets/pl-9fg-ESVt-DpPW5ISU.js                  46.09 kB │ gzip:     7.77 kB
../../web-dist/assets/et-B_spaleu-BaO20FM2.js                  47.21 kB │ gzip:    11.66 kB
../../web-dist/assets/is-BT8UVRze-BXloJ18M.js                  48.41 kB │ gzip:    13.03 kB
../../web-dist/assets/sv-CFm5y56M-I8ncZ9Nb.js                  56.81 kB │ gzip:    14.78 kB
../../web-dist/assets/bg-CrQqGwni-Pt9yPLke.js                  56.93 kB │ gzip:     4.89 kB
../../web-dist/assets/uk-Dir3oxLs-BVEQM3Jf.js                  63.99 kB │ gzip:     8.69 kB
../../web-dist/assets/th-DWX5iPSo-BI_G36o8.js                  68.62 kB │ gzip:    13.44 kB
../../web-dist/assets/grc-DOlGgO8T-C7K_Bcib.js                 71.61 kB │ gzip:     8.91 kB
../../web-dist/assets/cy-BBPa6z2x-BONU7bVJ.js                  80.20 kB │ gzip:    19.64 kB
../../web-dist/assets/ga-Cn6LkudM-WsF4_z3Y.js                  82.15 kB │ gzip:    20.54 kB
../../web-dist/assets/ru-v4l-ayaq-BZkHNr9F.js                  85.31 kB │ gzip:    17.10 kB
../../web-dist/assets/en-gb-B7Al27b_-BFFr9zKP.js              105.38 kB │ gzip:    26.85 kB
../../web-dist/assets/lv-Q2BBHnzp-DRPSUjhQ.js                 112.68 kB │ gzip:    16.40 kB
../../web-dist/assets/nl-BHQJ6Gvn-BMWl-SdQ.js                 138.51 kB │ gzip:    37.20 kB
../../web-dist/assets/cu-CBUlrW6Y-BrxB2kb-.js                 168.80 kB │ gzip:    26.86 kB
../../web-dist/assets/af-DK_CjRn6-C81U6qP1.js                 179.89 kB │ gzip:    40.15 kB
../../web-dist/assets/de-ch-1901-hVThVHVb-CC5Yf8hX.js         264.34 kB │ gzip:    72.65 kB
../../web-dist/assets/de-1996-BL6awyxG-BSuIomZy.js            266.94 kB │ gzip:    73.24 kB
../../web-dist/assets/de-1901-CWoAOigE-yOXirf_M.js            270.04 kB │ gzip:    74.07 kB
../../web-dist/assets/zh-TW-Bv8vYc__.js                       292.02 kB │ gzip:    63.64 kB
../../web-dist/assets/zh-CN-DRNHO-YX.js                       294.01 kB │ gzip:    62.42 kB
../../web-dist/assets/ko-KR-_gyoq8lt.js                       319.25 kB │ gzip:    60.42 kB
../../web-dist/assets/id-ID-CPaFVSxS.js                       324.27 kB │ gzip:    60.29 kB
../../web-dist/assets/pl-PL-aFRfHxus.js                       325.01 kB │ gzip:    61.21 kB
../../web-dist/assets/it-IT-Byr1it26.js                       325.74 kB │ gzip:    60.64 kB
../../web-dist/assets/pt-BR-jx_8gSsD.js                       325.94 kB │ gzip:    60.84 kB
../../web-dist/assets/de-DE-CZveR5OH.js                       326.79 kB │ gzip:    61.00 kB
../../web-dist/assets/fr-FR-Ddb3rSGH.js                       327.75 kB │ gzip:    61.11 kB
../../web-dist/assets/ar-SA-B0mBK8F9.js                       330.65 kB │ gzip:    61.59 kB
../../web-dist/assets/no-B8ItS0F3-BlrHaK3Z.js                 341.90 kB │ gzip:    90.72 kB
../../web-dist/assets/nb-DI8u59ch-S2a9vUN_.js                 341.92 kB │ gzip:    90.73 kB
../../web-dist/assets/nn-ntZvarUK-cMBifkqM.js                 341.92 kB │ gzip:    90.73 kB
../../web-dist/assets/es-ES-BmCx6c1A.js                       344.82 kB │ gzip:    62.86 kB
../../web-dist/assets/ja-JP-CbYcOKPp.js                       369.77 kB │ gzip:    66.30 kB
../../web-dist/assets/ru-RU-2R88ZKZ3.js                       548.57 kB │ gzip:    79.80 kB
../../web-dist/assets/hu-DVk7Y_ka-CCTZJfqn.js                 765.41 kB │ gzip:   179.02 kB
../../web-dist/assets/index-BR1FNevx.js                    10,334.19 kB │ gzip: 2,887.00 kB

(!) Some chunks are larger than 6000 kB after minification. Consider:
- Using dynamic import() to code-split the application
- Use build.rollupOptions.output.manualChunks to improve chunking: https://rollupjs.org/configuration-options/#output-manualchunks
- Adjust chunk size limit for this warning via build.chunkSizeWarningLimit.
✓ built in 33.23s

> @genoffice/shell@0.7.0 web:build
> vite build --config vite.web.config.ts

vite v7.3.6 building client environment for production...
transforming...
✓ 81 modules transformed.
rendering chunks...
computing gzip size...
../../web-dist/index.html                            0.69 kB │ gzip:   0.39 kB
../../web-dist/assets/genoffice-logo-BMY41_x1.svg    5.15 kB │ gzip:   2.22 kB
../../web-dist/assets/app-icon-BcHXNjHH.png         40.85 kB
../../web-dist/assets/index-BWOEYm0g.css            48.01 kB │ gzip:   9.12 kB
../../web-dist/assets/index-DEydaxQI.js            465.26 kB │ gzip: 147.77 kB
✓ built in 1.72s

> @genoffice/slides@0.1.0 web:build
> vite build --config vite.web.config.ts

vite v7.3.6 building client environment for production...
transforming...
[plugin vite:resolve] Module "node:fs" has been externalized for browser compatibility, imported by "/Users/nothing/workspace/dsh/plugin/dsh-genoffice/engine/packages/pptx-engine/src/index.ts". See https://vite.dev/guide/troubleshooting.html#module-externalized-for-browser-compatibility for more details.
✓ 440 modules transformed.
[plugin vite:reporter] 
(!) /Users/nothing/workspace/dsh/plugin/dsh-genoffice/engine/apps/slides/src/renderer/web-node-shims.ts is dynamically imported by /Users/nothing/workspace/dsh/plugin/dsh-genoffice/engine/packages/pptx-engine/src/index.ts but also statically imported by /Users/nothing/workspace/dsh/plugin/dsh-genoffice/engine/apps/slides/src/renderer/web-bridge.ts, /Users/nothing/workspace/dsh/plugin/dsh-genoffice/engine/apps/slides/src/renderer/web-slides-session.ts, /Users/nothing/workspace/dsh/plugin/dsh-genoffice/engine/packages/pptx-engine/src/media-insert.ts, /Users/nothing/workspace/dsh/plugin/dsh-genoffice/engine/packages/pptx-engine/src/sections.ts, /Users/nothing/workspace/dsh/plugin/dsh-genoffice/engine/packages/pptx-engine/src/zip.ts, dynamic import will not move module into another chunk.

rendering chunks...
computing gzip size...
../../web-dist/index.html                                  0.84 kB │ gzip:   0.47 kB
../../web-dist/assets/send-enter-off-B0IfWMyy.png          4.25 kB
../../web-dist/assets/marble-D7ttTB12.png                  9.07 kB
../../web-dist/assets/parchment-BKiptb7w.png              17.39 kB
../../web-dist/assets/paper-DUijYpax.png                  19.39 kB
../../web-dist/assets/canvas-BRJXZk8M.png                 23.00 kB
../../web-dist/assets/wood-D70XEBVa.png                   23.40 kB
../../web-dist/assets/denim-DTrT_oct.png                  29.17 kB
../../web-dist/assets/cork-BseXy6tu.png                   29.53 kB
../../web-dist/assets/granite--1xJtYY3.png                41.09 kB
../../web-dist/assets/Carlito-Italic-KkZUqxJW.ttf        619.05 kB
../../web-dist/assets/Carlito-Regular-Cbe9FLjp.ttf       631.71 kB
../../web-dist/assets/Carlito-Bold-BhbXr__n.ttf          686.24 kB
../../web-dist/assets/Carlito-BoldItalic-0dXjwGA0.ttf    812.34 kB
../../web-dist/assets/index-dloO-3g-.css                 124.31 kB │ gzip:  22.66 kB
../../web-dist/assets/index-gZOxKhEG.js                3,354.87 kB │ gzip: 992.33 kB
✓ built in 7.61s
ENGINE_WEBBUILD:0
ended=2026-09-12T17:00:33Z
