# deploy check 2026-08-25T09:13:34Z
== docs ==
disk /Users/nothing/workspace/dsh/plugin/dsh-genoffice/upstream/apps/docs/web-dist/assets/index-Cj6o8uQw.js
/Users/nothing/workspace/dsh/plugin/dsh-genoffice/upstream/apps/docs/web-dist/assets/index-Cj6o8uQw.js
bundle features OK
relay index-Cj6o8uQw.js
disk-base index-Cj6o8uQw.js
== markdown ==
disk /Users/nothing/workspace/dsh/plugin/dsh-genoffice/upstream/apps/markdown/web-dist/assets/index-1oYFOzTW.js
/Users/nothing/workspace/dsh/plugin/dsh-genoffice/upstream/apps/markdown/web-dist/assets/index-1oYFOzTW.js
bundle features OK
relay index-1oYFOzTW.js
disk-base index-1oYFOzTW.js
== sheets ==
disk /Users/nothing/workspace/dsh/plugin/dsh-genoffice/upstream/apps/sheets/web-dist/assets/index-DxHi1gMz.js
/Users/nothing/workspace/dsh/plugin/dsh-genoffice/upstream/apps/sheets/web-dist/assets/index-DxHi1gMz.js
bundle features OK
relay index-DxHi1gMz.js
disk-base index-DxHi1gMz.js
== slides ==
disk /Users/nothing/workspace/dsh/plugin/dsh-genoffice/upstream/apps/slides/web-dist/assets/index-BzsnzAY3.js
/Users/nothing/workspace/dsh/plugin/dsh-genoffice/upstream/apps/slides/web-dist/assets/index-BzsnzAY3.js
bundle features OK
relay index-BzsnzAY3.js
disk-base index-BzsnzAY3.js
== pdf ==
disk /Users/nothing/workspace/dsh/plugin/dsh-genoffice/upstream/apps/pdf/web-dist/assets/index-BsTtBz5O.js
/Users/nothing/workspace/dsh/plugin/dsh-genoffice/upstream/apps/pdf/web-dist/assets/index-BsTtBz5O.js
bundle features OK
relay index-BsTtBz5O.js
disk-base index-BsTtBz5O.js
