[control] stream open (docId=7b3fecbd…)
[control] executor registered (/tmp/genoffice-plugin-alignment/pta-2026-09-12T17-17-59-551Z/schema.pptx)
[web-slides] getLayouts is not available in the web version (documented subset)
[web-slides] getAnimations is not available in the web version (documented subset)
[web-slides] getSections is not available in the web version (documented subset)
[web-slides] getAnimations is not available in the web version (documented subset)
[web-slides] getSections is not available in the web version (documented subset)
[web-slides] getAnimations is not available in the web version (documented subset)
[web-slides] getSections is not available in the web version (documented subset)
[web-slides] getAnimations is not available in the web version (documented subset)
[web-slides] getSections is not available in the web version (documented subset)
[web-slides] getAnimations is not available in the web version (documented subset)
[web-slides] getSections is not available in the web version (documented subset)
[web-slides] getAnimations is not available in the web version (documented subset)
[web-slides] getSections is not available in the web version (documented subset)
[web-slides] getAnimations is not available in the web version (documented subset)
[web-slides] getSections is not available in the web version (documented subset)
[control] stream open (docId=7b3fecbd…)
[control] executor registered (/tmp/genoffice-plugin-alignment/pta-2026-09-12T17-17-59-551Z/schema.pptx)
[web-slides] getLayouts is not available in the web version (documented subset)
[web-slides] getAnimations is not available in the web version (documented subset)
[web-slides] getSections is not available in the web version (documented subset)