$ node -e "import('./packages/tab-genoffice/lib/index.js').then(() => console.log('OK')).catch(e => { console.error(e.message); process.exit(1) })"
OK

$ node standards/validate.mjs

== manifest 校验（packages/*/dsh-plugin.json） ==
✓ tab-genoffice (io.github.nothing1024.tab-genoffice)

== facet 入口装载检查（entry 存在 / 无私有 import / 品牌默认导出） ==
✓ tab-genoffice facets.host → lib/standard/host.js

== 协商（manifest × host-descriptor × registry 快照） ==
✓ tab-genoffice: compatible
  permissions（契约之外的敏感 scope，授权归 authorize 阶段）：x-nothing1024.net.loopback-fetch、x-nothing1024.process.spawn

== manifest fixtures 自检 ==
✓ valid/full.json
✓ valid/minimal.json
✓ invalid/missing-schema.json → [missing-schema]
✓ invalid/wrong-manifest-version.json → [wrong-manifest-version]
✓ invalid/missing-facets.json → [missing-facets]
✓ invalid/bad-id.json → [bad-id]
✓ invalid/unknown-field.json → [unknown-field]
✓ invalid/provides-rejected.json → [provides-rejected]
✓ invalid/requires-services-rejected.json → [requires-services-rejected]
✓ invalid/reserved-facet-client.json → [reserved-facet]
✓ invalid/duplicate-contributes-id.json → [duplicate-contributes-id]
✓ invalid/entry-outside-root.json → [entry-outside-root]
✓ facet/valid/entry.js
✓ facet/invalid/not-a-facet → [not-a-facet]
✓ facet/invalid/private-import → [private-import]

== 协商 fixtures 自检（五种结局） ==
✓ negotiation/compatible → compatible
✓ negotiation/degraded-optional → compatible
✓ negotiation/rejected-missing-required → rejected
✓ negotiation/rejected-unsupported-facet → rejected
✓ negotiation/pending-authorization → pending-authorization

== adapter 审计（上游触点基线） ==
✓ 无未评审的新增上游触点

结论：全部通过
